[2026-03-23 11:53:04,300] INFO autoreload 87 139717671998208 Watching for file changes with StatReloader
[2026-03-23 11:53:07,466] INFO basehttp 87 139716790789824 "GET /health/ HTTP/1.1" 200 13690
[2026-03-23 11:53:08,759] INFO basehttp 87 139716790789824 "GET / HTTP/1.1" 302 0
[2026-03-23 11:53:08,765] INFO basehttp 87 139716790789824 "GET /admin HTTP/1.1" 301 0
[2026-03-23 11:53:08,779] INFO basehttp 87 139716552812224 "GET /admin/ HTTP/1.1" 302 0
[2026-03-23 11:53:08,885] INFO basehttp 87 139716552812224 "GET /admin/login/?next=/admin/ HTTP/1.1" 200 16923
[2026-03-23 11:53:08,982] INFO basehttp 87 139716552812224 "GET /staticfiles/admin/css/base.css HTTP/1.1" 200 21544
[2026-03-23 11:53:08,992] INFO basehttp 87 139716790789824 "GET /staticfiles/admin/css/dark_mode.css HTTP/1.1" 200 2682
[2026-03-23 11:53:08,994] INFO basehttp 87 139716774004416 "GET /staticfiles/admin/css/nav_sidebar.css HTTP/1.1" 200 2810
[2026-03-23 11:53:08,995] INFO basehttp 87 139716561204928 "GET /staticfiles/admin_interface/css/changelist.css?v=78bcb6adf88786f562201b6cc6301c04e13a3cce7535200e0f8234c9 HTTP/1.1" 200 1246
[2026-03-23 11:53:08,996] INFO basehttp 87 139716544419520 "GET /staticfiles/admin_interface/css/change-form.css?v=78bcb6adf88786f562201b6cc6301c04e13a3cce7535200e0f8234c9 HTTP/1.1" 200 1125
[2026-03-23 11:53:08,996] INFO basehttp 87 139716782397120 "GET /staticfiles/admin_interface/css/admin-interface.css?v=78bcb6adf88786f562201b6cc6301c04e13a3cce7535200e0f8234c9 HTTP/1.1" 200 17164
[2026-03-23 11:53:08,999] INFO basehttp 87 139716790789824 "GET /staticfiles/admin_interface/css/fieldsets.css?v=78bcb6adf88786f562201b6cc6301c04e13a3cce7535200e0f8234c9 HTTP/1.1" 200 499
[2026-03-23 11:53:09,002] INFO basehttp 87 139716774004416 "GET /staticfiles/admin_interface/css/file-upload.css?v=78bcb6adf88786f562201b6cc6301c04e13a3cce7535200e0f8234c9 HTTP/1.1" 200 1169
[2026-03-23 11:53:09,004] INFO basehttp 87 139716561204928 "GET /staticfiles/admin_interface/css/header.css?v=78bcb6adf88786f562201b6cc6301c04e13a3cce7535200e0f8234c9 HTTP/1.1" 200 1031
[2026-03-23 11:53:09,004] INFO basehttp 87 139716544419520 "GET /staticfiles/admin_interface/css/inlines.css?v=78bcb6adf88786f562201b6cc6301c04e13a3cce7535200e0f8234c9 HTTP/1.1" 200 2715
[2026-03-23 11:53:09,007] INFO basehttp 87 139716782397120 "GET /staticfiles/admin_interface/css/jquery.ui.tabs.css?v=78bcb6adf88786f562201b6cc6301c04e13a3cce7535200e0f8234c9 HTTP/1.1" 200 5558
[2026-03-23 11:53:09,012] INFO basehttp 87 139716544419520 "GET /staticfiles/admin_interface/css/language-chooser.css?v=78bcb6adf88786f562201b6cc6301c04e13a3cce7535200e0f8234c9 HTTP/1.1" 200 1734
[2026-03-23 11:53:09,013] INFO basehttp 87 139716782397120 "GET /staticfiles/admin_interface/css/list-filter.css?v=78bcb6adf88786f562201b6cc6301c04e13a3cce7535200e0f8234c9 HTTP/1.1" 200 614
[2026-03-23 11:53:09,017] INFO basehttp 87 139716544419520 "GET /staticfiles/admin_interface/css/list-filter-dropdown.css?v=78bcb6adf88786f562201b6cc6301c04e13a3cce7535200e0f8234c9 HTTP/1.1" 200 691
[2026-03-23 11:53:09,041] INFO basehttp 87 139716552812224 "GET /staticfiles/admin_interface/css/login.css?v=78bcb6adf88786f562201b6cc6301c04e13a3cce7535200e0f8234c9 HTTP/1.1" 200 1240
[2026-03-23 11:53:09,045] INFO basehttp 87 139716552812224 "GET /staticfiles/admin_interface/css/modules.css?v=78bcb6adf88786f562201b6cc6301c04e13a3cce7535200e0f8234c9 HTTP/1.1" 200 404
[2026-03-23 11:53:09,054] INFO basehttp 87 139716774004416 "GET /staticfiles/admin_interface/css/paginator.css?v=78bcb6adf88786f562201b6cc6301c04e13a3cce7535200e0f8234c9 HTTP/1.1" 200 797
[2026-03-23 11:53:09,054] INFO basehttp 87 139716790789824 "GET /staticfiles/admin_interface/css/object-tools.css?v=78bcb6adf88786f562201b6cc6301c04e13a3cce7535200e0f8234c9 HTTP/1.1" 200 319
[2026-03-23 11:53:09,055] INFO basehttp 87 139716561204928 "GET /staticfiles/admin_interface/css/nav-sidebar.css?v=78bcb6adf88786f562201b6cc6301c04e13a3cce7535200e0f8234c9 HTTP/1.1" 200 2025
[2026-03-23 11:53:09,059] INFO basehttp 87 139716561204928 "GET /staticfiles/admin_interface/css/rtl.css?v=78bcb6adf88786f562201b6cc6301c04e13a3cce7535200e0f8234c9 HTTP/1.1" 200 1016
[2026-03-23 11:53:09,062] INFO basehttp 87 139716544419520 "GET /staticfiles/admin_interface/css/tabbed-changeform.css?v=78bcb6adf88786f562201b6cc6301c04e13a3cce7535200e0f8234c9 HTTP/1.1" 200 1895
[2026-03-23 11:53:09,062] INFO basehttp 87 139716782397120 "GET /staticfiles/admin_interface/css/sticky-form-controls.css?v=78bcb6adf88786f562201b6cc6301c04e13a3cce7535200e0f8234c9 HTTP/1.1" 200 2437
[2026-03-23 11:53:09,067] INFO basehttp 87 139716544419520 "GET /staticfiles/admin_interface/css/widgets.css?v=78bcb6adf88786f562201b6cc6301c04e13a3cce7535200e0f8234c9 HTTP/1.1" 200 3944
[2026-03-23 11:53:09,067] INFO basehttp 87 139716782397120 "GET /staticfiles/admin_interface/css/third-party/ckeditor.css?v=78bcb6adf88786f562201b6cc6301c04e13a3cce7535200e0f8234c9 HTTP/1.1" 200 2720
[2026-03-23 11:53:09,072] INFO basehttp 87 139716544419520 "GET /staticfiles/admin_interface/css/third-party/modeltranslation.css?v=78bcb6adf88786f562201b6cc6301c04e13a3cce7535200e0f8234c9 HTTP/1.1" 200 356
[2026-03-23 11:53:09,072] INFO basehttp 87 139716782397120 "GET /staticfiles/admin_interface/css/third-party/import-export.css?v=78bcb6adf88786f562201b6cc6301c04e13a3cce7535200e0f8234c9 HTTP/1.1" 200 189
[2026-03-23 11:53:09,091] INFO basehttp 87 139716552812224 "GET /staticfiles/admin_interface/css/third-party/rangefilter.css?v=78bcb6adf88786f562201b6cc6301c04e13a3cce7535200e0f8234c9 HTTP/1.1" 200 1238
[2026-03-23 11:53:09,095] INFO basehttp 87 139716552812224 "GET /staticfiles/admin_interface/css/third-party/json-widget.css?v=78bcb6adf88786f562201b6cc6301c04e13a3cce7535200e0f8234c9 HTTP/1.1" 200 993
[2026-03-23 11:53:09,153] INFO basehttp 87 139716561204928 "GET /staticfiles/admin_interface/css/third-party/tinymce.css?v=78bcb6adf88786f562201b6cc6301c04e13a3cce7535200e0f8234c9 HTTP/1.1" 200 78
[2026-03-23 11:53:09,153] INFO basehttp 87 139716774004416 "GET /staticfiles/admin_interface/css/third-party/sorl-thumbnail.css?v=78bcb6adf88786f562201b6cc6301c04e13a3cce7535200e0f8234c9 HTTP/1.1" 200 1451
[2026-03-23 11:53:09,154] INFO basehttp 87 139716790789824 "GET /staticfiles/admin_interface/css/third-party/streamfield.css?v=78bcb6adf88786f562201b6cc6301c04e13a3cce7535200e0f8234c9 HTTP/1.1" 200 6257
[2026-03-23 11:53:09,405] INFO basehttp 87 139716544419520 "GET /staticfiles/admin/css/login.css HTTP/1.1" 200 958
[2026-03-23 11:53:09,406] INFO basehttp 87 139716782397120 "GET /staticfiles/admin/css/responsive.css HTTP/1.1" 200 17905
[2026-03-23 11:53:09,406] INFO basehttp 87 139716552812224 "GET /staticfiles/admin/css/responsive.css?nocache=78bcb6adf88786f562201b6cc6301c04e13a3cce7535200e0f8234c9 HTTP/1.1" 200 17905
[2026-03-23 11:53:09,406] INFO basehttp 87 139716774004416 "GET /staticfiles/admin_interface/foldable-apps/foldable-apps.css?nocache=78bcb6adf88786f562201b6cc6301c04e13a3cce7535200e0f8234c9 HTTP/1.1" 200 1955
[2026-03-23 11:53:09,407] INFO basehttp 87 139716790789824 "GET /staticfiles/admin_interface/magnific-popup/magnific-popup.css?nocache=78bcb6adf88786f562201b6cc6301c04e13a3cce7535200e0f8234c9 HTTP/1.1" 200 6951
[2026-03-23 11:53:09,407] INFO basehttp 87 139716561204928 "GET /staticfiles/admin/css/responsive_rtl.css?nocache=78bcb6adf88786f562201b6cc6301c04e13a3cce7535200e0f8234c9 HTTP/1.1" 200 1864
[2026-03-23 11:53:09,719] INFO basehttp 87 139716544419520 "GET /staticfiles/admin_interface/foldable-apps/foldable-apps.js?nocache=78bcb6adf88786f562201b6cc6301c04e13a3cce7535200e0f8234c9 HTTP/1.1" 200 1750
[2026-03-23 11:53:09,720] INFO basehttp 87 139716782397120 "GET /staticfiles/admin_interface/related-modal/related-modal.css?v=78bcb6adf88786f562201b6cc6301c04e13a3cce7535200e0f8234c9 HTTP/1.1" 200 2867
[2026-03-23 11:53:09,721] INFO basehttp 87 139716552812224 "GET /staticfiles/admin_interface/magnific-popup/jquery.magnific-popup.js?nocache=78bcb6adf88786f562201b6cc6301c04e13a3cce7535200e0f8234c9 HTTP/1.1" 200 60830
[2026-03-23 11:53:09,722] INFO basehttp 87 139716774004416 "GET /staticfiles/admin_interface/related-modal/related-modal.js?nocache=78bcb6adf88786f562201b6cc6301c04e13a3cce7535200e0f8234c9 HTTP/1.1" 200 6919
[2026-03-23 11:53:09,838] WARNING basehttp 87 139716561204928 "GET /staticfiles/logo/logo.png HTTP/1.1" 404 1909
[2026-03-23 11:53:11,557] INFO basehttp 87 139716774004416 "GET /staticfiles/admin/js/theme.js HTTP/1.1" 200 1943
[2026-03-23 11:53:11,558] INFO basehttp 87 139716552812224 "GET /staticfiles/admin/js/nav_sidebar.js HTTP/1.1" 200 3063
[2026-03-23 11:53:11,594] WARNING log 87 139716552812224 Not Found: /favicon.ico
[2026-03-23 11:53:11,596] WARNING basehttp 87 139716552812224 "GET /favicon.ico HTTP/1.1" 404 4040
[2026-03-23 11:53:15,066] INFO basehttp 87 139716552812224 "GET /secret HTTP/1.1" 301 0
[2026-03-23 11:53:15,091] INFO basehttp 87 139716774004416 "GET /secret/ HTTP/1.1" 302 0
[2026-03-23 11:53:15,113] INFO basehttp 87 139716774004416 "GET /secret/login/?next=/secret/ HTTP/1.1" 200 17020
[2026-03-23 11:53:30,805] INFO basehttp 87 139716774004416 "POST /secret/login/?next=/secret/ HTTP/1.1" 302 0
[2026-03-23 11:53:30,929] INFO basehttp 87 139716774004416 "GET /secret/ HTTP/1.1" 200 26442
[2026-03-23 11:53:30,966] INFO basehttp 87 139716774004416 "GET /staticfiles/admin/css/dashboard.css HTTP/1.1" 200 441
[2026-03-23 11:53:31,018] INFO basehttp 87 139716774004416 "GET /staticfiles/admin/img/icon-viewlink.svg HTTP/1.1" 200 581
[2026-03-23 11:53:31,018] INFO basehttp 87 139716544419520 "GET /staticfiles/admin/img/icon-changelink.svg HTTP/1.1" 200 380
[2026-03-23 11:53:31,018] INFO basehttp 87 139716782397120 "GET /staticfiles/admin/img/icon-addlink.svg HTTP/1.1" 200 331
[2026-03-23 11:53:36,277] INFO basehttp 87 139716552812224 "GET /health/ HTTP/1.1" 200 13689
[2026-03-23 11:53:36,917] INFO basehttp 87 139716774004416 "GET /secret/users/user/ HTTP/1.1" 200 30894
[2026-03-23 11:53:36,956] INFO basehttp 87 139716774004416 "GET /staticfiles/admin/css/changelists.css HTTP/1.1" 200 6811
[2026-03-23 11:53:36,960] INFO basehttp 87 139716790789824 "GET /staticfiles/admin/js/jquery.init.js HTTP/1.1" 200 347
[2026-03-23 11:53:36,971] INFO basehttp 87 139716527634112 "GET /staticfiles/admin/js/admin/RelatedObjectLookups.js HTTP/1.1" 200 9042
[2026-03-23 11:53:36,971] INFO basehttp 87 139716790789824 "GET /staticfiles/admin/js/urlify.js HTTP/1.1" 200 7887
[2026-03-23 11:53:36,971] INFO basehttp 87 139716552812224 "GET /staticfiles/admin/js/core.js HTTP/1.1" 200 6208
[2026-03-23 11:53:36,972] INFO basehttp 87 139716774004416 "GET /staticfiles/admin/js/actions.js HTTP/1.1" 200 8067
[2026-03-23 11:53:36,992] INFO basehttp 87 139716790789824 "GET /staticfiles/admin/img/icon-yes.svg HTTP/1.1" 200 436
[2026-03-23 11:53:36,994] INFO basehttp 87 139716527634112 "GET /staticfiles/admin/js/prepopulate.js HTTP/1.1" 200 1531
[2026-03-23 11:53:36,995] INFO basehttp 87 139716774004416 "GET /staticfiles/admin/img/search.svg HTTP/1.1" 200 458
[2026-03-23 11:53:36,996] INFO basehttp 87 139716782397120 "GET /secret/jsi18n/ HTTP/1.1" 200 8958
[2026-03-23 11:53:36,997] INFO basehttp 87 139716544419520 "GET /staticfiles/admin/js/vendor/jquery/jquery.js HTTP/1.1" 200 285314
[2026-03-23 11:53:37,004] INFO basehttp 87 139716552812224 "GET /staticfiles/admin/js/vendor/xregexp/xregexp.js HTTP/1.1" 200 325171
[2026-03-23 11:53:37,018] INFO basehttp 87 139716552812224 "GET /staticfiles/admin/js/filters.js HTTP/1.1" 200 978
[2026-03-23 11:53:37,020] INFO basehttp 87 139716544419520 "GET /staticfiles/admin/img/tooltag-add.svg HTTP/1.1" 200 331
[2026-03-23 11:53:38,328] INFO basehttp 87 139716544419520 "GET /secret/users/user/1/change/ HTTP/1.1" 200 55044
[2026-03-23 11:53:38,368] INFO basehttp 87 139716544419520 "GET /staticfiles/admin/css/forms.css HTTP/1.1" 200 9090
[2026-03-23 11:53:38,370] INFO basehttp 87 139716527634112 "GET /staticfiles/admin/js/SelectBox.js HTTP/1.1" 200 4530
[2026-03-23 11:53:38,370] INFO basehttp 87 139716790789824 "GET /staticfiles/admin/js/calendar.js HTTP/1.1" 200 9141
[2026-03-23 11:53:38,371] INFO basehttp 87 139716774004416 "GET /staticfiles/admin/js/admin/DateTimeShortcuts.js HTTP/1.1" 200 19319
[2026-03-23 11:53:38,371] INFO basehttp 87 139716782397120 "GET /staticfiles/admin/js/inlines.js HTTP/1.1" 200 15526
[2026-03-23 11:53:38,378] INFO basehttp 87 139716527634112 "GET /staticfiles/admin/js/SelectFilter2.js HTTP/1.1" 200 15492
[2026-03-23 11:53:38,380] INFO basehttp 87 139716790789824 "GET /staticfiles/admin/js/prepopulate_init.js HTTP/1.1" 200 586
[2026-03-23 11:53:38,383] INFO basehttp 87 139716552812224 "GET /secret/jsi18n/ HTTP/1.1" 200 8958
[2026-03-23 11:53:38,424] INFO basehttp 87 139716544419520 "GET /staticfiles/admin/js/change_form.js HTTP/1.1" 200 606
[2026-03-23 11:53:38,425] INFO basehttp 87 139716552812224 "GET /staticfiles/admin/css/widgets.css HTTP/1.1" 200 11800
[2026-03-23 11:53:38,562] INFO basehttp 87 139716544419520 "GET /staticfiles/admin/img/icon-unknown.svg HTTP/1.1" 200 655
[2026-03-23 11:53:38,562] INFO basehttp 87 139716790789824 "GET /staticfiles/admin/img/selector-icons.svg HTTP/1.1" 200 3291
[2026-03-23 11:53:38,562] INFO basehttp 87 139716552812224 "GET /staticfiles/admin/img/icon-unknown-alt.svg HTTP/1.1" 200 655
[2026-03-23 11:53:40,552] INFO basehttp 87 139716552812224 "POST /secret/logout/ HTTP/1.1" 200 16439
[2026-09-10 08:04:02,667] INFO autoreload 67 139670351991616 Watching for file changes with StatReloader
[2026-09-10 08:04:25,454] INFO basehttp 67 139670005880512 "GET /health/ HTTP/1.1" 200 13689
[2026-09-10 08:04:55,687] INFO basehttp 67 139670005880512 "GET /health/ HTTP/1.1" 200 13689
[2026-09-10 08:05:25,978] INFO basehttp 67 139670005880512 "GET /health/ HTTP/1.1" 200 13689
[2026-09-10 08:05:56,346] INFO basehttp 67 139670005880512 "GET /health/ HTTP/1.1" 200 13690
[2026-09-10 08:06:26,594] INFO basehttp 67 139670005880512 "GET /health/ HTTP/1.1" 200 13689
[2026-09-10 08:06:56,956] INFO basehttp 67 139670005880512 "GET /health/ HTTP/1.1" 200 13689
[2026-09-10 08:07:27,167] INFO basehttp 67 139670005880512 "GET /health/ HTTP/1.1" 200 13689
[2026-09-10 08:07:48,373] INFO basehttp 67 139670005880512 "GET /admin/ HTTP/1.1" 302 0
[2026-09-10 08:07:48,530] INFO basehttp 67 139670005880512 "GET /admin/login/?next=/admin/ HTTP/1.1" 200 16923
[2026-09-10 08:07:48,602] INFO basehttp 67 139670005880512 "GET /staticfiles/admin/css/base.css HTTP/1.1" 304 0
[2026-09-10 08:07:48,626] INFO basehttp 67 139669777934016 "GET /staticfiles/admin/css/dark_mode.css HTTP/1.1" 304 0
[2026-09-10 08:07:48,627] INFO basehttp 67 139669786326720 "GET /staticfiles/admin/css/nav_sidebar.css HTTP/1.1" 304 0
[2026-09-10 08:07:48,629] INFO basehttp 67 139669786326720 "GET /staticfiles/admin_interface/css/fieldsets.css?v=78bcb6adf88786f562201b6cc6301c04e13a3cce7535200e0f8234c9 HTTP/1.1" 304 0
[2026-09-10 08:07:48,633] INFO basehttp 67 139669760100032 "GET /staticfiles/admin_interface/css/admin-interface.css?v=78bcb6adf88786f562201b6cc6301c04e13a3cce7535200e0f8234c9 HTTP/1.1" 304 0
[2026-09-10 08:07:48,634] INFO basehttp 67 139669777934016 "GET /staticfiles/admin_interface/css/file-upload.css?v=78bcb6adf88786f562201b6cc6301c04e13a3cce7535200e0f8234c9 HTTP/1.1" 304 0
[2026-09-10 08:07:48,635] INFO basehttp 67 139669751707328 "GET /staticfiles/admin_interface/css/changelist.css?v=78bcb6adf88786f562201b6cc6301c04e13a3cce7535200e0f8234c9 HTTP/1.1" 304 0
[2026-09-10 08:07:48,636] INFO basehttp 67 139669768492736 "GET /staticfiles/admin_interface/css/change-form.css?v=78bcb6adf88786f562201b6cc6301c04e13a3cce7535200e0f8234c9 HTTP/1.1" 304 0
[2026-09-10 08:07:48,636] INFO basehttp 67 139669760100032 "GET /staticfiles/admin_interface/css/header.css?v=78bcb6adf88786f562201b6cc6301c04e13a3cce7535200e0f8234c9 HTTP/1.1" 304 0
[2026-09-10 08:07:48,639] INFO basehttp 67 139669751707328 "GET /staticfiles/admin_interface/css/inlines.css?v=78bcb6adf88786f562201b6cc6301c04e13a3cce7535200e0f8234c9 HTTP/1.1" 304 0
[2026-09-10 08:07:48,645] INFO basehttp 67 139669768492736 "GET /staticfiles/admin_interface/css/jquery.ui.tabs.css?v=78bcb6adf88786f562201b6cc6301c04e13a3cce7535200e0f8234c9 HTTP/1.1" 304 0
[2026-09-10 08:07:48,649] INFO basehttp 67 139670005880512 "GET /staticfiles/admin_interface/css/language-chooser.css?v=78bcb6adf88786f562201b6cc6301c04e13a3cce7535200e0f8234c9 HTTP/1.1" 304 0
[2026-09-10 08:07:48,675] INFO basehttp 67 139669786326720 "GET /staticfiles/admin_interface/css/list-filter.css?v=78bcb6adf88786f562201b6cc6301c04e13a3cce7535200e0f8234c9 HTTP/1.1" 304 0
[2026-09-10 08:07:48,677] INFO basehttp 67 139669777934016 "GET /staticfiles/admin_interface/css/list-filter-dropdown.css?v=78bcb6adf88786f562201b6cc6301c04e13a3cce7535200e0f8234c9 HTTP/1.1" 304 0
[2026-09-10 08:07:48,732] INFO basehttp 67 139669760100032 "GET /staticfiles/admin_interface/css/modules.css?v=78bcb6adf88786f562201b6cc6301c04e13a3cce7535200e0f8234c9 HTTP/1.1" 304 0
[2026-09-10 08:07:48,735] INFO basehttp 67 139669786326720 "GET /staticfiles/admin_interface/css/object-tools.css?v=78bcb6adf88786f562201b6cc6301c04e13a3cce7535200e0f8234c9 HTTP/1.1" 304 0
[2026-09-10 08:07:48,737] INFO basehttp 67 139669751707328 "GET /staticfiles/admin_interface/css/login.css?v=78bcb6adf88786f562201b6cc6301c04e13a3cce7535200e0f8234c9 HTTP/1.1" 304 0
[2026-09-10 08:07:48,741] INFO basehttp 67 139669777934016 "GET /staticfiles/admin_interface/css/rtl.css?v=78bcb6adf88786f562201b6cc6301c04e13a3cce7535200e0f8234c9 HTTP/1.1" 304 0
[2026-09-10 08:07:48,744] INFO basehttp 67 139670005880512 "GET /staticfiles/admin_interface/css/paginator.css?v=78bcb6adf88786f562201b6cc6301c04e13a3cce7535200e0f8234c9 HTTP/1.1" 304 0
[2026-09-10 08:07:48,744] INFO basehttp 67 139669751707328 "GET /staticfiles/admin_interface/css/sticky-form-controls.css?v=78bcb6adf88786f562201b6cc6301c04e13a3cce7535200e0f8234c9 HTTP/1.1" 304 0
[2026-09-10 08:07:48,747] INFO basehttp 67 139669768492736 "GET /staticfiles/admin_interface/css/nav-sidebar.css?v=78bcb6adf88786f562201b6cc6301c04e13a3cce7535200e0f8234c9 HTTP/1.1" 304 0
[2026-09-10 08:07:48,777] INFO basehttp 67 139669760100032 "GET /staticfiles/admin_interface/css/tabbed-changeform.css?v=78bcb6adf88786f562201b6cc6301c04e13a3cce7535200e0f8234c9 HTTP/1.1" 304 0
[2026-09-10 08:07:48,784] INFO basehttp 67 139669786326720 "GET /staticfiles/admin_interface/css/third-party/ckeditor.css?v=78bcb6adf88786f562201b6cc6301c04e13a3cce7535200e0f8234c9 HTTP/1.1" 304 0
[2026-09-10 08:07:48,788] INFO basehttp 67 139670005880512 "GET /staticfiles/admin_interface/css/third-party/import-export.css?v=78bcb6adf88786f562201b6cc6301c04e13a3cce7535200e0f8234c9 HTTP/1.1" 304 0
[2026-09-10 08:07:48,828] INFO basehttp 67 139669777934016 "GET /staticfiles/admin_interface/css/widgets.css?v=78bcb6adf88786f562201b6cc6301c04e13a3cce7535200e0f8234c9 HTTP/1.1" 304 0
[2026-09-10 08:07:48,832] INFO basehttp 67 139669768492736 "GET /staticfiles/admin_interface/css/third-party/modeltranslation.css?v=78bcb6adf88786f562201b6cc6301c04e13a3cce7535200e0f8234c9 HTTP/1.1" 304 0
[2026-09-10 08:07:48,832] INFO basehttp 67 139669760100032 "GET /staticfiles/admin_interface/css/third-party/rangefilter.css?v=78bcb6adf88786f562201b6cc6301c04e13a3cce7535200e0f8234c9 HTTP/1.1" 304 0
[2026-09-10 08:07:48,837] INFO basehttp 67 139669751707328 "GET /staticfiles/admin_interface/css/third-party/json-widget.css?v=78bcb6adf88786f562201b6cc6301c04e13a3cce7535200e0f8234c9 HTTP/1.1" 304 0
[2026-09-10 08:07:48,837] INFO basehttp 67 139669777934016 "GET /staticfiles/admin_interface/css/third-party/sorl-thumbnail.css?v=78bcb6adf88786f562201b6cc6301c04e13a3cce7535200e0f8234c9 HTTP/1.1" 304 0
[2026-09-10 08:07:48,838] INFO basehttp 67 139669786326720 "GET /staticfiles/admin_interface/css/third-party/tinymce.css?v=78bcb6adf88786f562201b6cc6301c04e13a3cce7535200e0f8234c9 HTTP/1.1" 304 0
[2026-09-10 08:07:48,838] INFO basehttp 67 139670005880512 "GET /staticfiles/admin_interface/css/third-party/streamfield.css?v=78bcb6adf88786f562201b6cc6301c04e13a3cce7535200e0f8234c9 HTTP/1.1" 304 0
[2026-09-10 08:07:48,876] INFO basehttp 67 139669760100032 "GET /staticfiles/admin/css/login.css HTTP/1.1" 304 0
[2026-09-10 08:07:48,878] INFO basehttp 67 139669768492736 "GET /staticfiles/admin/css/responsive.css HTTP/1.1" 304 0
[2026-09-10 08:07:48,881] INFO basehttp 67 139669786326720 "GET /staticfiles/admin/css/responsive.css?nocache=78bcb6adf88786f562201b6cc6301c04e13a3cce7535200e0f8234c9 HTTP/1.1" 304 0
[2026-09-10 08:07:48,884] INFO basehttp 67 139670005880512 "GET /staticfiles/admin/css/responsive_rtl.css?nocache=78bcb6adf88786f562201b6cc6301c04e13a3cce7535200e0f8234c9 HTTP/1.1" 304 0
[2026-09-10 08:07:48,886] INFO basehttp 67 139669751707328 "GET /staticfiles/admin_interface/foldable-apps/foldable-apps.css?nocache=78bcb6adf88786f562201b6cc6301c04e13a3cce7535200e0f8234c9 HTTP/1.1" 304 0
[2026-09-10 08:07:48,887] INFO basehttp 67 139669777934016 "GET /staticfiles/admin_interface/magnific-popup/magnific-popup.css?nocache=78bcb6adf88786f562201b6cc6301c04e13a3cce7535200e0f8234c9 HTTP/1.1" 304 0
[2026-09-10 08:07:48,920] INFO basehttp 67 139669760100032 "GET /staticfiles/admin_interface/related-modal/related-modal.css?v=78bcb6adf88786f562201b6cc6301c04e13a3cce7535200e0f8234c9 HTTP/1.1" 304 0
[2026-09-10 08:07:48,923] INFO basehttp 67 139669768492736 "GET /staticfiles/admin_interface/foldable-apps/foldable-apps.js?nocache=78bcb6adf88786f562201b6cc6301c04e13a3cce7535200e0f8234c9 HTTP/1.1" 304 0
[2026-09-10 08:07:48,925] INFO basehttp 67 139669786326720 "GET /staticfiles/admin_interface/magnific-popup/jquery.magnific-popup.js?nocache=78bcb6adf88786f562201b6cc6301c04e13a3cce7535200e0f8234c9 HTTP/1.1" 304 0
[2026-09-10 08:07:48,930] INFO basehttp 67 139670005880512 "GET /staticfiles/admin_interface/related-modal/related-modal.js?nocache=78bcb6adf88786f562201b6cc6301c04e13a3cce7535200e0f8234c9 HTTP/1.1" 304 0
[2026-09-10 08:07:48,935] WARNING basehttp 67 139669751707328 "GET /staticfiles/logo/logo.png HTTP/1.1" 404 1909
[2026-09-10 08:07:48,982] INFO basehttp 67 139670005880512 "GET /staticfiles/admin/js/theme.js HTTP/1.1" 304 0
[2026-09-10 08:07:48,992] INFO basehttp 67 139669768492736 "GET /staticfiles/admin/js/nav_sidebar.js HTTP/1.1" 304 0
[2026-09-10 08:07:49,071] WARNING log 67 139669768492736 Not Found: /favicon.ico
[2026-09-10 08:07:49,072] WARNING basehttp 67 139669768492736 "GET /favicon.ico HTTP/1.1" 404 4040
[2026-09-10 08:07:53,343] INFO basehttp 67 139669768492736 "POST /admin/login/?next=/admin/ HTTP/1.1" 200 17136
[2026-09-10 08:07:53,404] WARNING basehttp 67 139669768492736 "GET /staticfiles/logo/logo.png HTTP/1.1" 404 1909
[2026-09-10 08:07:57,371] INFO basehttp 67 139669768492736 "GET /health/ HTTP/1.1" 200 13689
[2026-09-10 08:08:06,762] INFO basehttp 67 139670005880512 "POST /admin/login/?next=/admin/ HTTP/1.1" 200 17125
[2026-09-10 08:08:06,811] WARNING basehttp 67 139670005880512 "GET /staticfiles/logo/logo.png HTTP/1.1" 404 1909
[2026-09-10 08:08:27,650] INFO basehttp 67 139670005880512 "GET /health/ HTTP/1.1" 200 13690
[2026-09-10 08:08:31,040] INFO basehttp 67 139669786326720 "POST /admin/login/?next=/admin/ HTTP/1.1" 200 17125
[2026-09-10 08:08:31,128] WARNING basehttp 67 139669786326720 "GET /staticfiles/logo/logo.png HTTP/1.1" 404 1909
[2026-09-10 08:08:52,139] INFO basehttp 67 139669760100032 "POST /admin/login/?next=/admin/ HTTP/1.1" 200 17125
[2026-09-10 08:08:52,189] WARNING basehttp 67 139669760100032 "GET /staticfiles/logo/logo.png HTTP/1.1" 404 1909
[2026-09-10 08:08:57,841] INFO basehttp 67 139669760100032 "GET /health/ HTTP/1.1" 200 13689
[2026-09-10 08:09:25,814] INFO basehttp 67 139669777934016 "POST /admin/login/?next=/admin/ HTTP/1.1" 200 17125
[2026-09-10 08:09:25,869] WARNING basehttp 67 139669777934016 "GET /staticfiles/logo/logo.png HTTP/1.1" 404 1909
[2026-09-10 08:09:28,069] INFO basehttp 67 139669777934016 "GET /health/ HTTP/1.1" 200 13689
[2026-09-10 08:09:58,433] INFO basehttp 67 139669777934016 "GET /health/ HTTP/1.1" 200 13690
[2026-09-10 08:10:28,745] INFO basehttp 67 139669777934016 "GET /health/ HTTP/1.1" 200 13690
[2026-09-10 08:10:58,944] INFO basehttp 67 139669777934016 "GET /health/ HTTP/1.1" 200 13689
[2026-09-10 08:11:11,202] INFO basehttp 67 139669777934016 "GET /admin/ HTTP/1.1" 302 0
[2026-09-10 08:11:11,237] INFO basehttp 67 139669777934016 "GET /admin/login/?next=/admin/ HTTP/1.1" 200 16923
[2026-09-10 08:11:11,434] WARNING basehttp 67 139669777934016 "GET /staticfiles/logo/logo.png HTTP/1.1" 404 1909
[2026-09-10 08:11:24,018] INFO basehttp 67 139669777934016 "POST /admin/login/?next=/admin/ HTTP/1.1" 200 17124
[2026-09-10 08:11:24,079] WARNING basehttp 67 139669777934016 "GET /staticfiles/logo/logo.png HTTP/1.1" 404 1909
[2026-09-10 08:11:29,139] INFO basehttp 67 139669777934016 "GET /health/ HTTP/1.1" 200 13689
[2026-09-10 08:11:59,368] INFO basehttp 67 139669777934016 "GET /health/ HTTP/1.1" 200 13689
[2026-09-10 08:12:29,567] INFO basehttp 67 139669777934016 "GET /health/ HTTP/1.1" 200 13689
[2026-09-10 08:12:59,770] INFO basehttp 67 139669777934016 "GET /health/ HTTP/1.1" 200 13689
[2026-09-10 08:13:30,241] INFO basehttp 67 139669777934016 "GET /health/ HTTP/1.1" 200 13690
[2026-09-10 08:13:58,221] INFO basehttp 67 139669777934016 "GET /admin/ HTTP/1.1" 302 0
[2026-09-10 08:13:58,342] INFO basehttp 67 139669777934016 "GET /admin/login/?next=/admin/ HTTP/1.1" 200 16923
[2026-09-10 08:13:58,524] WARNING basehttp 67 139669777934016 "GET /staticfiles/logo/logo.png HTTP/1.1" 404 1909
[2026-09-10 08:14:00,434] INFO basehttp 67 139669777934016 "GET /health/ HTTP/1.1" 200 13689
[2026-09-10 08:14:13,844] INFO basehttp 67 139669777934016 "POST /admin/login/?next=/admin/ HTTP/1.1" 200 17124
[2026-09-10 08:14:13,900] WARNING basehttp 67 139669777934016 "GET /staticfiles/logo/logo.png HTTP/1.1" 404 1909
[2026-09-10 08:14:28,409] INFO basehttp 67 139669777934016 "POST /admin/login/?next=/admin/ HTTP/1.1" 200 17124
[2026-09-10 08:14:28,451] WARNING basehttp 67 139669777934016 "GET /staticfiles/logo/logo.png HTTP/1.1" 404 1909
[2026-09-10 08:14:30,653] INFO basehttp 67 139669777934016 "GET /health/ HTTP/1.1" 200 13689
[2026-09-10 08:15:00,847] INFO basehttp 67 139669777934016 "GET /health/ HTTP/1.1" 200 13689
[2026-09-10 08:15:29,814] INFO basehttp 67 139669777934016 "POST /admin/login/?next=/admin/ HTTP/1.1" 200 17124
[2026-09-10 08:15:29,875] WARNING basehttp 67 139669777934016 "GET /staticfiles/logo/logo.png HTTP/1.1" 404 1909
[2026-09-10 08:15:31,066] INFO basehttp 67 139669777934016 "GET /health/ HTTP/1.1" 200 13689
[2026-09-10 08:15:35,813] INFO basehttp 67 139669777934016 "POST /admin/login/?next=/admin/ HTTP/1.1" 200 17124
[2026-09-10 08:15:35,876] WARNING basehttp 67 139669777934016 "GET /staticfiles/logo/logo.png HTTP/1.1" 404 1909
[2026-09-10 08:16:01,531] INFO basehttp 67 139669777934016 "GET /health/ HTTP/1.1" 200 13690
[2026-09-10 08:16:30,778] INFO basehttp 67 139669777934016 "GET /admin/ HTTP/1.1" 302 0
[2026-09-10 08:16:30,816] INFO basehttp 67 139669777934016 "GET /admin/login/?next=/admin/ HTTP/1.1" 200 16923
[2026-09-10 08:16:30,996] WARNING basehttp 67 139669777934016 "GET /staticfiles/logo/logo.png HTTP/1.1" 404 1909
[2026-09-10 08:16:31,735] INFO basehttp 67 139669777934016 "GET /health/ HTTP/1.1" 200 13689
[2026-09-10 08:16:49,808] INFO basehttp 67 139669777934016 "POST /admin/login/?next=/admin/ HTTP/1.1" 200 17124
[2026-09-10 08:16:49,858] WARNING basehttp 67 139669777934016 "GET /staticfiles/logo/logo.png HTTP/1.1" 404 1909
[2026-09-10 08:17:01,956] INFO basehttp 67 139669777934016 "GET /health/ HTTP/1.1" 200 13689
[2026-09-10 08:17:32,138] INFO basehttp 67 139669777934016 "GET /health/ HTTP/1.1" 200 13689
[2026-09-10 08:18:02,352] INFO basehttp 67 139669777934016 "GET /health/ HTTP/1.1" 200 13689
[2026-09-10 08:18:21,676] INFO basehttp 67 139669777934016 "GET /admin/ HTTP/1.1" 302 0
[2026-09-10 08:18:21,711] INFO basehttp 67 139669777934016 "GET /admin/login/?next=/admin/ HTTP/1.1" 200 16923
[2026-09-10 08:18:21,876] WARNING basehttp 67 139669777934016 "GET /staticfiles/logo/logo.png HTTP/1.1" 404 1909
[2026-09-10 08:18:32,656] INFO basehttp 67 139669777934016 "GET /health/ HTTP/1.1" 200 13689
[2026-09-10 08:18:36,106] INFO basehttp 67 139669777934016 "POST /admin/login/?next=/admin/ HTTP/1.1" 200 17118
[2026-09-10 08:18:36,172] WARNING basehttp 67 139669777934016 "GET /staticfiles/logo/logo.png HTTP/1.1" 404 1909
[2026-09-10 08:19:02,867] INFO basehttp 67 139669777934016 "GET /health/ HTTP/1.1" 200 13689
[2026-09-10 08:19:33,137] INFO basehttp 67 139669777934016 "GET /health/ HTTP/1.1" 200 13689
[2026-09-10 08:20:03,348] INFO basehttp 67 139669777934016 "GET /health/ HTTP/1.1" 200 13689
[2026-09-10 08:20:33,554] INFO basehttp 67 139669777934016 "GET /health/ HTTP/1.1" 200 13689
[2026-09-10 08:21:03,748] INFO basehttp 67 139669777934016 "GET /health/ HTTP/1.1" 200 13689
[2026-09-10 08:21:34,067] INFO basehttp 67 139669777934016 "GET /health/ HTTP/1.1" 200 13689
[2026-09-10 08:22:04,355] INFO basehttp 67 139669777934016 "GET /health/ HTTP/1.1" 200 13690
[2026-09-10 08:22:34,567] INFO basehttp 67 139669777934016 "GET /health/ HTTP/1.1" 200 13689
[2026-09-10 08:23:04,839] INFO basehttp 67 139669777934016 "GET /health/ HTTP/1.1" 200 13689
[2026-09-10 08:23:35,229] INFO basehttp 67 139669777934016 "GET /health/ HTTP/1.1" 200 13689
[2026-09-10 08:24:05,463] INFO basehttp 67 139669777934016 "GET /health/ HTTP/1.1" 200 13689
[2026-09-10 08:24:35,657] INFO basehttp 67 139669777934016 "GET /health/ HTTP/1.1" 200 13689
[2026-09-10 08:25:05,842] INFO basehttp 67 139669777934016 "GET /health/ HTTP/1.1" 200 13689
[2026-09-10 08:25:36,168] INFO basehttp 67 139669777934016 "GET /health/ HTTP/1.1" 200 13689
[2026-09-10 08:26:06,360] INFO basehttp 67 139669777934016 "GET /health/ HTTP/1.1" 200 13689
[2026-09-10 08:26:36,566] INFO basehttp 67 139669777934016 "GET /health/ HTTP/1.1" 200 13688
[2026-09-10 08:27:06,761] INFO basehttp 67 139669777934016 "GET /health/ HTTP/1.1" 200 13689
[2026-09-10 08:27:36,956] INFO basehttp 67 139669777934016 "GET /health/ HTTP/1.1" 200 13689
[2026-09-10 08:28:07,173] INFO basehttp 67 139669777934016 "GET /health/ HTTP/1.1" 200 13689
[2026-09-10 08:28:37,376] INFO basehttp 67 139669777934016 "GET /health/ HTTP/1.1" 200 13689
[2026-09-10 08:29:07,561] INFO basehttp 67 139669777934016 "GET /health/ HTTP/1.1" 200 13689
[2026-09-10 08:29:54,764] INFO autoreload 75 140330693321536 Watching for file changes with StatReloader
[2026-09-10 08:30:14,753] INFO basehttp 75 140330271766208 "GET /health/ HTTP/1.1" 200 13689
[2026-09-10 08:30:23,065] INFO basehttp 75 140330271766208 "GET /admin/ HTTP/1.1" 302 0
[2026-09-10 08:30:23,182] INFO basehttp 75 140330271766208 "GET /admin/login/?next=/admin/ HTTP/1.1" 200 16923
[2026-09-10 08:30:23,366] WARNING basehttp 75 140330271766208 "GET /staticfiles/logo/logo.png HTTP/1.1" 404 1909
[2026-09-10 08:30:38,911] INFO basehttp 75 140330271766208 "POST /admin/login/?next=/admin/ HTTP/1.1" 200 17118
[2026-09-10 08:30:38,970] WARNING basehttp 75 140330271766208 "GET /staticfiles/logo/logo.png HTTP/1.1" 404 1909
[2026-09-10 08:30:45,045] INFO basehttp 75 140330271766208 "GET /health/ HTTP/1.1" 200 13689
[2026-09-10 08:31:15,255] INFO basehttp 75 140330271766208 "GET /health/ HTTP/1.1" 200 13689
[2026-09-10 08:31:45,480] INFO basehttp 75 140330271766208 "GET /health/ HTTP/1.1" 200 13689
[2026-09-10 08:32:15,672] INFO basehttp 75 140330271766208 "GET /health/ HTTP/1.1" 200 13689
[2026-09-10 08:32:45,874] INFO basehttp 75 140330271766208 "GET /health/ HTTP/1.1" 200 13689
[2026-09-10 08:33:16,077] INFO basehttp 75 140330271766208 "GET /health/ HTTP/1.1" 200 13689
[2026-09-10 08:33:46,272] INFO basehttp 75 140330271766208 "GET /health/ HTTP/1.1" 200 13689
[2026-09-10 08:34:16,543] INFO basehttp 75 140330271766208 "GET /health/ HTTP/1.1" 200 13689
[2026-09-10 08:34:47,347] INFO basehttp 75 140330271766208 "GET /health/ HTTP/1.1" 200 13689
[2026-09-10 08:35:17,743] INFO basehttp 75 140330271766208 "GET /health/ HTTP/1.1" 200 13690
[2026-09-10 08:35:47,415] INFO basehttp 75 140330271766208 "GET /secret/ HTTP/1.1" 302 0
[2026-09-10 08:35:47,473] INFO basehttp 75 140330271766208 "GET /secret/login/?next=/secret/ HTTP/1.1" 200 17020
[2026-09-10 08:35:48,068] INFO basehttp 75 140330238195392 "GET /health/ HTTP/1.1" 200 13690
[2026-09-10 08:36:18,372] INFO basehttp 75 140330238195392 "GET /health/ HTTP/1.1" 200 13690
[2026-09-10 08:36:48,564] INFO basehttp 75 140330238195392 "GET /health/ HTTP/1.1" 200 13689
[2026-09-10 08:37:04,281] INFO basehttp 75 140330271766208 "POST /secret/login/?next=/secret/ HTTP/1.1" 200 17215
[2026-09-10 08:37:18,754] INFO basehttp 75 140330238195392 "GET /health/ HTTP/1.1" 200 13689
[2026-09-10 08:37:48,770] INFO basehttp 75 140330271766208 "POST /secret/login/?next=/secret/ HTTP/1.1" 302 0
[2026-09-10 08:37:49,167] INFO basehttp 75 140330271766208 "GET /secret/ HTTP/1.1" 200 26442
[2026-09-10 08:37:49,240] INFO basehttp 75 140330271766208 "GET /staticfiles/admin/css/dashboard.css HTTP/1.1" 304 0
[2026-09-10 08:37:49,264] INFO basehttp 75 140330238195392 "GET /health/ HTTP/1.1" 200 13685
[2026-09-10 08:37:49,340] INFO basehttp 75 140330271766208 "GET /staticfiles/admin/img/icon-viewlink.svg HTTP/1.1" 304 0
[2026-09-10 08:37:49,341] INFO basehttp 75 140330238195392 "GET /staticfiles/admin/img/icon-addlink.svg HTTP/1.1" 304 0
[2026-09-10 08:37:49,341] INFO basehttp 75 140330221409984 "GET /staticfiles/admin/img/icon-changelink.svg HTTP/1.1" 304 0
[2026-09-10 08:38:19,456] INFO basehttp 75 140330254980800 "GET /health/ HTTP/1.1" 200 13689
[2026-09-10 08:38:49,661] INFO basehttp 75 140330254980800 "GET /health/ HTTP/1.1" 200 13689
[2026-09-10 08:39:15,575] INFO basehttp 75 140330271766208 "GET /secret/commons/email/ HTTP/1.1" 200 28108
[2026-09-10 08:39:15,630] INFO basehttp 75 140330271766208 "GET /staticfiles/admin/css/changelists.css HTTP/1.1" 200 6811
[2026-09-10 08:39:15,647] INFO basehttp 75 140329734895296 "GET /staticfiles/admin/js/admin/RelatedObjectLookups.js HTTP/1.1" 200 9042
[2026-09-10 08:39:15,648] INFO basehttp 75 140330271766208 "GET /staticfiles/admin/js/actions.js HTTP/1.1" 200 8067
[2026-09-10 08:39:15,648] INFO basehttp 75 140330254980800 "GET /staticfiles/admin/js/jquery.init.js HTTP/1.1" 200 347
[2026-09-10 08:39:15,649] INFO basehttp 75 140329726502592 "GET /staticfiles/admin/js/core.js HTTP/1.1" 200 6208
[2026-09-10 08:39:15,655] INFO basehttp 75 140330221409984 "GET /staticfiles/admin/js/vendor/jquery/jquery.js HTTP/1.1" 200 285314
[2026-09-10 08:39:15,666] INFO basehttp 75 140329726502592 "GET /staticfiles/admin/js/prepopulate.js HTTP/1.1" 200 1531
[2026-09-10 08:39:15,674] INFO basehttp 75 140330254980800 "GET /staticfiles/admin/js/urlify.js HTTP/1.1" 200 7887
[2026-09-10 08:39:15,678] INFO basehttp 75 140330238195392 "GET /secret/jsi18n/ HTTP/1.1" 200 8958
[2026-09-10 08:39:15,682] INFO basehttp 75 140329734895296 "GET /staticfiles/admin/js/vendor/xregexp/xregexp.js HTTP/1.1" 200 325171
[2026-09-10 08:39:15,698] INFO basehttp 75 140329734895296 "GET /staticfiles/admin/js/filters.js HTTP/1.1" 200 978
[2026-09-10 08:39:15,750] INFO basehttp 75 140329734895296 "GET /staticfiles/admin/img/tooltag-add.svg HTTP/1.1" 200 331
[2026-09-10 08:39:19,182] INFO basehttp 75 140329734895296 "GET /secret/ HTTP/1.1" 200 26442
[2026-09-10 08:39:19,861] INFO basehttp 75 140330229802688 "GET /health/ HTTP/1.1" 200 13689
[2026-09-10 08:39:50,111] INFO basehttp 75 140330229802688 "GET /health/ HTTP/1.1" 200 13689
[2026-09-10 08:40:20,363] INFO basehttp 75 140330229802688 "GET /health/ HTTP/1.1" 200 13689
[2026-09-10 08:40:50,570] INFO basehttp 75 140330229802688 "GET /health/ HTTP/1.1" 200 13689
[2026-09-10 08:41:20,857] INFO basehttp 75 140330229802688 "GET /health/ HTTP/1.1" 200 13689
[2026-09-10 08:41:51,103] INFO basehttp 75 140330229802688 "GET /health/ HTTP/1.1" 200 13689
[2026-09-10 08:42:21,500] INFO basehttp 75 140330229802688 "GET /health/ HTTP/1.1" 200 13689
[2026-09-10 08:42:51,877] INFO basehttp 75 140330229802688 "GET /health/ HTTP/1.1" 200 13690
[2026-09-10 08:43:22,169] INFO basehttp 75 140330229802688 "GET /health/ HTTP/1.1" 200 13690
[2026-09-10 08:43:52,353] INFO basehttp 75 140330229802688 "GET /health/ HTTP/1.1" 200 13689
[2026-09-10 08:44:22,564] INFO basehttp 75 140330229802688 "GET /health/ HTTP/1.1" 200 13689
[2026-09-10 08:44:52,744] INFO basehttp 75 140330229802688 "GET /health/ HTTP/1.1" 200 13689
[2026-09-10 08:45:22,962] INFO basehttp 75 140330229802688 "GET /health/ HTTP/1.1" 200 13689
[2026-09-10 08:45:53,243] INFO basehttp 75 140330229802688 "GET /health/ HTTP/1.1" 200 13690
[2026-09-10 08:46:23,467] INFO basehttp 75 140330229802688 "GET /health/ HTTP/1.1" 200 13689
[2026-09-10 08:46:53,649] INFO basehttp 75 140330229802688 "GET /health/ HTTP/1.1" 200 13689
[2026-09-10 08:47:23,852] INFO basehttp 75 140330229802688 "GET /health/ HTTP/1.1" 200 13689
[2026-09-10 08:47:54,066] INFO basehttp 75 140330229802688 "GET /health/ HTTP/1.1" 200 13689
[2026-09-10 08:48:24,253] INFO basehttp 75 140330221409984 "GET /health/ HTTP/1.1" 200 13689
[2026-09-10 08:48:54,469] INFO basehttp 75 140330221409984 "GET /health/ HTTP/1.1" 200 13689
[2026-09-10 08:49:24,778] INFO basehttp 75 140330221409984 "GET /health/ HTTP/1.1" 200 13689
[2026-09-10 08:49:54,965] INFO basehttp 75 140330221409984 "GET /health/ HTTP/1.1" 200 13689
[2026-09-10 08:50:25,152] INFO basehttp 75 140330221409984 "GET /health/ HTTP/1.1" 200 13689
[2026-09-10 08:50:55,455] INFO basehttp 75 140330221409984 "GET /health/ HTTP/1.1" 200 13689
[2026-09-10 08:51:25,671] INFO basehttp 75 140330221409984 "GET /health/ HTTP/1.1" 200 13689
[2026-09-10 08:51:55,874] INFO basehttp 75 140330221409984 "GET /health/ HTTP/1.1" 200 13689
[2026-09-10 08:52:26,064] INFO basehttp 75 140330221409984 "GET /health/ HTTP/1.1" 200 13689
[2026-09-10 08:52:56,279] INFO basehttp 75 140330221409984 "GET /health/ HTTP/1.1" 200 13689
[2026-09-10 08:53:26,472] INFO basehttp 75 140330221409984 "GET /health/ HTTP/1.1" 200 13688
[2026-09-10 08:53:56,680] INFO basehttp 75 140330221409984 "GET /health/ HTTP/1.1" 200 13689
[2026-09-10 08:54:27,241] INFO basehttp 75 140330221409984 "GET /health/ HTTP/1.1" 200 13690
[2026-09-10 08:54:57,470] INFO basehttp 75 140330221409984 "GET /health/ HTTP/1.1" 200 13689
[2026-09-10 08:55:27,655] INFO basehttp 75 140330221409984 "GET /health/ HTTP/1.1" 200 13689
[2026-09-10 08:55:58,048] INFO basehttp 75 140330221409984 "GET /health/ HTTP/1.1" 200 13690
[2026-09-10 08:56:28,271] INFO basehttp 75 140330221409984 "GET /health/ HTTP/1.1" 200 13689
[2026-09-10 08:56:58,464] INFO basehttp 75 140330221409984 "GET /health/ HTTP/1.1" 200 13689
[2026-09-10 08:57:28,709] INFO basehttp 75 140330221409984 "GET /health/ HTTP/1.1" 200 13689
[2026-09-10 08:57:58,953] INFO basehttp 75 140330221409984 "GET /health/ HTTP/1.1" 200 13689
[2026-09-10 08:58:29,173] INFO basehttp 75 140330221409984 "GET /health/ HTTP/1.1" 200 13689
[2026-09-10 08:58:59,365] INFO basehttp 75 140330221409984 "GET /health/ HTTP/1.1" 200 13689
[2026-09-10 08:59:29,553] INFO basehttp 75 140330221409984 "GET /health/ HTTP/1.1" 200 13689
[2026-09-10 08:59:59,755] INFO basehttp 75 140330221409984 "GET /health/ HTTP/1.1" 200 13689
[2026-09-10 09:00:29,955] INFO basehttp 75 140330221409984 "GET /health/ HTTP/1.1" 200 13689
[2026-09-10 09:01:00,172] INFO basehttp 75 140330221409984 "GET /health/ HTTP/1.1" 200 13689
[2026-09-10 09:01:30,442] INFO basehttp 75 140330221409984 "GET /health/ HTTP/1.1" 200 13689
[2026-09-10 09:02:00,676] INFO basehttp 75 140330221409984 "GET /health/ HTTP/1.1" 200 13689
[2026-09-10 09:02:30,961] INFO basehttp 75 140330221409984 "GET /health/ HTTP/1.1" 200 13690
[2026-09-10 09:03:01,158] INFO basehttp 75 140330221409984 "GET /health/ HTTP/1.1" 200 13689
[2026-09-10 09:03:31,370] INFO basehttp 75 140330221409984 "GET /health/ HTTP/1.1" 200 13689
[2026-09-10 09:04:01,785] INFO basehttp 75 140330221409984 "GET /health/ HTTP/1.1" 200 13690
[2026-09-10 09:04:31,959] INFO basehttp 75 140330221409984 "GET /health/ HTTP/1.1" 200 13689
[2026-09-10 09:05:02,164] INFO basehttp 75 140330221409984 "GET /health/ HTTP/1.1" 200 13689
[2026-09-10 09:05:32,347] INFO basehttp 75 140330221409984 "GET /health/ HTTP/1.1" 200 13689
[2026-09-10 09:06:02,561] INFO basehttp 75 140330221409984 "GET /health/ HTTP/1.1" 200 13689
[2026-09-10 09:06:32,848] INFO basehttp 75 140330221409984 "GET /health/ HTTP/1.1" 200 13689
[2026-09-10 09:07:03,138] INFO basehttp 75 140330221409984 "GET /health/ HTTP/1.1" 200 13689
[2026-09-10 09:07:33,758] INFO basehttp 75 140330221409984 "GET /health/ HTTP/1.1" 200 13690
[2026-09-10 09:08:03,951] INFO basehttp 75 140330221409984 "GET /health/ HTTP/1.1" 200 13689
[2026-09-10 09:08:34,176] INFO basehttp 75 140330221409984 "GET /health/ HTTP/1.1" 200 13689
[2026-09-10 09:09:04,367] INFO basehttp 75 140330221409984 "GET /health/ HTTP/1.1" 200 13689
[2026-09-10 09:09:34,678] INFO basehttp 75 140330221409984 "GET /health/ HTTP/1.1" 200 13689
[2026-09-10 09:10:04,852] INFO basehttp 75 140330221409984 "GET /health/ HTTP/1.1" 200 13689
[2026-09-10 09:10:35,038] INFO basehttp 75 140330221409984 "GET /health/ HTTP/1.1" 200 13688
[2026-09-10 09:11:05,376] INFO basehttp 75 140330221409984 "GET /health/ HTTP/1.1" 200 13689
[2026-09-10 09:11:35,575] INFO basehttp 75 140330221409984 "GET /health/ HTTP/1.1" 200 13689
[2026-09-10 09:12:05,766] INFO basehttp 75 140330221409984 "GET /health/ HTTP/1.1" 200 13689
[2026-09-10 09:12:35,978] INFO basehttp 75 140330221409984 "GET /health/ HTTP/1.1" 200 13689
[2026-09-10 09:13:06,190] INFO basehttp 75 140330221409984 "GET /health/ HTTP/1.1" 200 13689
[2026-09-10 09:13:36,469] INFO basehttp 75 140330221409984 "GET /health/ HTTP/1.1" 200 13689
[2026-09-10 09:14:06,850] INFO basehttp 75 140330221409984 "GET /health/ HTTP/1.1" 200 13690
[2026-09-10 09:14:37,050] INFO basehttp 75 140330221409984 "GET /health/ HTTP/1.1" 200 13689
[2026-09-10 09:15:07,281] INFO basehttp 75 140330221409984 "GET /health/ HTTP/1.1" 200 13689
[2026-09-10 09:15:37,470] INFO basehttp 75 140330221409984 "GET /health/ HTTP/1.1" 200 13689
[2026-09-10 09:16:07,763] INFO basehttp 75 140330221409984 "GET /health/ HTTP/1.1" 200 13689
[2026-09-10 09:16:37,952] INFO basehttp 75 140330221409984 "GET /health/ HTTP/1.1" 200 13689
[2026-09-10 09:17:08,156] INFO basehttp 75 140330221409984 "GET /health/ HTTP/1.1" 200 13689
[2026-09-10 09:17:38,373] INFO basehttp 75 140330221409984 "GET /health/ HTTP/1.1" 200 13689
[2026-09-10 09:18:08,574] INFO basehttp 75 140330221409984 "GET /health/ HTTP/1.1" 200 13689
[2026-09-10 09:18:38,879] INFO basehttp 75 140330221409984 "GET /health/ HTTP/1.1" 200 13689
[2026-09-10 09:19:09,103] INFO basehttp 75 140330221409984 "GET /health/ HTTP/1.1" 200 13689
[2026-09-10 09:19:39,352] INFO basehttp 75 140330221409984 "GET /health/ HTTP/1.1" 200 13689
[2026-09-10 09:20:09,555] INFO basehttp 75 140330221409984 "GET /health/ HTTP/1.1" 200 13689
[2026-09-10 09:20:39,862] INFO basehttp 75 140330221409984 "GET /health/ HTTP/1.1" 200 13690
[2026-09-10 09:21:10,051] INFO basehttp 75 140330221409984 "GET /health/ HTTP/1.1" 200 13689
[2026-09-10 09:21:40,252] INFO basehttp 75 140330221409984 "GET /health/ HTTP/1.1" 200 13689
[2026-09-10 09:22:10,450] INFO basehttp 75 140330221409984 "GET /health/ HTTP/1.1" 200 13689
[2026-09-10 09:22:40,649] INFO basehttp 75 140330221409984 "GET /health/ HTTP/1.1" 200 13689
[2026-09-10 09:23:10,868] INFO basehttp 75 140330221409984 "GET /health/ HTTP/1.1" 200 13689
[2026-09-10 09:23:41,095] INFO basehttp 75 140330221409984 "GET /health/ HTTP/1.1" 200 13689
[2026-09-10 09:24:11,369] INFO basehttp 75 140330221409984 "GET /health/ HTTP/1.1" 200 13689
[2026-09-10 09:24:41,676] INFO basehttp 75 140330221409984 "GET /health/ HTTP/1.1" 200 13689
[2026-09-10 09:25:11,870] INFO basehttp 75 140330221409984 "GET /health/ HTTP/1.1" 200 13689
[2026-09-10 09:25:42,064] INFO basehttp 75 140330221409984 "GET /health/ HTTP/1.1" 200 13689
[2026-09-10 09:26:12,271] INFO basehttp 75 140330221409984 "GET /health/ HTTP/1.1" 200 13689
[2026-09-10 09:26:42,464] INFO basehttp 75 140330221409984 "GET /health/ HTTP/1.1" 200 13689
[2026-09-10 09:27:12,845] INFO basehttp 75 140330221409984 "GET /health/ HTTP/1.1" 200 13689
[2026-09-10 09:27:43,169] INFO basehttp 75 140330221409984 "GET /health/ HTTP/1.1" 200 13689
[2026-09-10 09:28:13,570] INFO basehttp 75 140330221409984 "GET /health/ HTTP/1.1" 200 13690
[2026-09-10 09:28:43,756] INFO basehttp 75 140330221409984 "GET /health/ HTTP/1.1" 200 13689
[2026-09-10 09:29:13,950] INFO basehttp 75 140330221409984 "GET /health/ HTTP/1.1" 200 13689
[2026-09-10 09:29:44,284] INFO basehttp 75 140330221409984 "GET /health/ HTTP/1.1" 200 13689
[2026-09-10 09:30:14,570] INFO basehttp 75 140330221409984 "GET /health/ HTTP/1.1" 200 13690
[2026-09-10 09:30:44,767] INFO basehttp 75 140330221409984 "GET /health/ HTTP/1.1" 200 13689
[2026-09-10 09:31:14,972] INFO basehttp 75 140330221409984 "GET /health/ HTTP/1.1" 200 13689
[2026-09-10 09:31:45,189] INFO basehttp 75 140330221409984 "GET /health/ HTTP/1.1" 200 13689
[2026-09-10 09:32:15,380] INFO basehttp 75 140330221409984 "GET /health/ HTTP/1.1" 200 13689
[2026-09-10 09:32:45,679] INFO basehttp 75 140330221409984 "GET /health/ HTTP/1.1" 200 13689
[2026-09-10 09:33:16,051] INFO basehttp 75 140330221409984 "GET /health/ HTTP/1.1" 200 13690
[2026-09-10 09:33:46,259] INFO basehttp 75 140330221409984 "GET /health/ HTTP/1.1" 200 13689
[2026-09-10 09:34:16,452] INFO basehttp 75 140330221409984 "GET /health/ HTTP/1.1" 200 13689
[2026-09-10 09:34:46,670] INFO basehttp 75 140330221409984 "GET /health/ HTTP/1.1" 200 13689
[2026-09-10 09:35:16,869] INFO basehttp 75 140330221409984 "GET /health/ HTTP/1.1" 200 13689
[2026-09-10 09:35:47,055] INFO basehttp 75 140330221409984 "GET /health/ HTTP/1.1" 200 13689
[2026-09-10 09:36:17,286] INFO basehttp 75 140330221409984 "GET /health/ HTTP/1.1" 200 13689
[2026-09-10 09:36:47,558] INFO basehttp 75 140330221409984 "GET /health/ HTTP/1.1" 200 13689
[2026-09-10 09:37:17,862] INFO basehttp 75 140330221409984 "GET /health/ HTTP/1.1" 200 13689
[2026-09-10 09:37:48,143] INFO basehttp 75 140330221409984 "GET /health/ HTTP/1.1" 200 13689
[2026-09-10 09:38:18,354] INFO basehttp 75 140330221409984 "GET /health/ HTTP/1.1" 200 13689
[2026-09-10 09:38:48,557] INFO basehttp 75 140330221409984 "GET /health/ HTTP/1.1" 200 13689
[2026-09-10 09:39:18,751] INFO basehttp 75 140330221409984 "GET /health/ HTTP/1.1" 200 13689
[2026-09-10 09:39:48,953] INFO basehttp 75 140330221409984 "GET /health/ HTTP/1.1" 200 13689
[2026-09-10 09:40:19,153] INFO basehttp 75 140330221409984 "GET /health/ HTTP/1.1" 200 13689
[2026-09-10 09:40:49,349] INFO basehttp 75 140330221409984 "GET /health/ HTTP/1.1" 200 13689
[2026-09-10 09:41:19,679] INFO basehttp 75 140330221409984 "GET /health/ HTTP/1.1" 200 13690
[2026-09-10 09:41:49,873] INFO basehttp 75 140330221409984 "GET /health/ HTTP/1.1" 200 13689
[2026-09-10 09:42:20,077] INFO basehttp 75 140330221409984 "GET /health/ HTTP/1.1" 200 13689
[2026-09-10 09:42:50,371] INFO basehttp 75 140330221409984 "GET /health/ HTTP/1.1" 200 13689
[2026-09-10 09:43:20,637] INFO basehttp 75 140330221409984 "GET /health/ HTTP/1.1" 200 13689
[2026-09-10 09:43:50,870] INFO basehttp 75 140330221409984 "GET /health/ HTTP/1.1" 200 13689
[2026-09-10 09:44:21,168] INFO basehttp 75 140330221409984 "GET /health/ HTTP/1.1" 200 13690
[2026-09-10 09:44:51,373] INFO basehttp 75 140330221409984 "GET /health/ HTTP/1.1" 200 13689
[2026-09-10 09:45:21,678] INFO basehttp 75 140330221409984 "GET /health/ HTTP/1.1" 200 13689
[2026-09-10 09:45:51,962] INFO basehttp 75 140330221409984 "GET /health/ HTTP/1.1" 200 13690
[2026-09-10 09:46:22,175] INFO basehttp 75 140330221409984 "GET /health/ HTTP/1.1" 200 13689
[2026-09-10 09:46:52,368] INFO basehttp 75 140330221409984 "GET /health/ HTTP/1.1" 200 13689
[2026-09-10 09:47:22,567] INFO basehttp 75 140330221409984 "GET /health/ HTTP/1.1" 200 13689
[2026-09-10 09:47:52,843] INFO basehttp 75 140330221409984 "GET /health/ HTTP/1.1" 200 13690
[2026-09-10 09:48:23,068] INFO basehttp 75 140330221409984 "GET /health/ HTTP/1.1" 200 13689
[2026-09-10 09:48:53,270] INFO basehttp 75 140330221409984 "GET /health/ HTTP/1.1" 200 13689
[2026-09-10 09:49:23,450] INFO basehttp 75 140330221409984 "GET /health/ HTTP/1.1" 200 13689
[2026-09-10 09:49:53,743] INFO basehttp 75 140330221409984 "GET /health/ HTTP/1.1" 200 13689
[2026-09-10 09:50:23,971] INFO basehttp 75 140330221409984 "GET /health/ HTTP/1.1" 200 13689
[2026-09-10 09:50:54,159] INFO basehttp 75 140330221409984 "GET /health/ HTTP/1.1" 200 13689
[2026-09-10 09:51:24,348] INFO basehttp 75 140330221409984 "GET /health/ HTTP/1.1" 200 13689
[2026-09-10 09:51:54,568] INFO basehttp 75 140330221409984 "GET /health/ HTTP/1.1" 200 13689
[2026-09-10 09:52:24,785] INFO basehttp 75 140330221409984 "GET /health/ HTTP/1.1" 200 13689
[2026-09-10 09:52:54,984] INFO basehttp 75 140330221409984 "GET /health/ HTTP/1.1" 200 13689
[2026-09-10 09:53:25,364] INFO basehttp 75 140330221409984 "GET /health/ HTTP/1.1" 200 13690
[2026-09-10 09:53:55,553] INFO basehttp 75 140330221409984 "GET /health/ HTTP/1.1" 200 13689
[2026-09-10 09:54:25,746] INFO basehttp 75 140330221409984 "GET /health/ HTTP/1.1" 200 13689
[2026-09-10 09:54:56,048] INFO basehttp 75 140330221409984 "GET /health/ HTTP/1.1" 200 13689
[2026-09-10 09:55:26,297] INFO basehttp 75 140330221409984 "GET /health/ HTTP/1.1" 200 13689
[2026-09-10 09:55:56,641] INFO basehttp 75 140330221409984 "GET /health/ HTTP/1.1" 200 13689
[2026-09-10 09:56:26,963] INFO basehttp 75 140330221409984 "GET /health/ HTTP/1.1" 200 13689
[2026-09-10 09:56:57,267] INFO basehttp 75 140330221409984 "GET /health/ HTTP/1.1" 200 13689
[2026-09-10 09:57:27,453] INFO basehttp 75 140330221409984 "GET /health/ HTTP/1.1" 200 13689
[2026-09-10 09:57:57,654] INFO basehttp 75 140330221409984 "GET /health/ HTTP/1.1" 200 13689
[2026-09-10 09:58:27,851] INFO basehttp 75 140330221409984 "GET /health/ HTTP/1.1" 200 13689
[2026-09-10 09:58:58,060] INFO basehttp 75 140330221409984 "GET /health/ HTTP/1.1" 200 13689
[2026-09-10 09:59:28,267] INFO basehttp 75 140330221409984 "GET /health/ HTTP/1.1" 200 13689
[2026-09-10 09:59:58,493] INFO basehttp 75 140330221409984 "GET /health/ HTTP/1.1" 200 13689
[2026-09-10 10:00:28,683] INFO basehttp 75 140330221409984 "GET /health/ HTTP/1.1" 200 13689
[2026-09-10 10:00:58,891] INFO basehttp 75 140330221409984 "GET /health/ HTTP/1.1" 200 13689
[2026-09-10 10:01:29,202] INFO basehttp 75 140330221409984 "GET /health/ HTTP/1.1" 200 13689
[2026-09-10 10:01:59,465] INFO basehttp 75 140330221409984 "GET /health/ HTTP/1.1" 200 13689
[2026-09-10 10:02:29,659] INFO basehttp 75 140330221409984 "GET /health/ HTTP/1.1" 200 13689
[2026-09-10 10:02:59,975] INFO basehttp 75 140330221409984 "GET /health/ HTTP/1.1" 200 13689
[2026-09-10 10:03:30,241] INFO basehttp 75 140330221409984 "GET /health/ HTTP/1.1" 200 13689
[2026-09-10 10:04:00,549] INFO basehttp 75 140330221409984 "GET /health/ HTTP/1.1" 200 13690
[2026-09-10 10:04:30,764] INFO basehttp 75 140330221409984 "GET /health/ HTTP/1.1" 200 13689
[2026-09-10 10:05:00,995] INFO basehttp 75 140330221409984 "GET /health/ HTTP/1.1" 200 13689
[2026-09-10 10:05:31,206] INFO basehttp 75 140330221409984 "GET /health/ HTTP/1.1" 200 13689
[2026-09-10 10:06:01,646] INFO basehttp 75 140330221409984 "GET /health/ HTTP/1.1" 200 13690
[2026-09-10 10:06:31,985] INFO basehttp 75 140330221409984 "GET /health/ HTTP/1.1" 200 13689
[2026-09-10 10:07:02,343] INFO basehttp 75 140330221409984 "GET /health/ HTTP/1.1" 200 13689
[2026-09-10 10:07:32,566] INFO basehttp 75 140330221409984 "GET /health/ HTTP/1.1" 200 13689
[2026-09-10 10:08:02,786] INFO basehttp 75 140330221409984 "GET /health/ HTTP/1.1" 200 13689
[2026-09-10 10:08:33,280] INFO basehttp 75 140330221409984 "GET /health/ HTTP/1.1" 200 13689
[2026-09-10 10:09:03,558] INFO basehttp 75 140330221409984 "GET /health/ HTTP/1.1" 200 13689
[2026-09-10 10:09:33,754] INFO basehttp 75 140330221409984 "GET /health/ HTTP/1.1" 200 13689
[2026-09-10 10:10:03,937] INFO basehttp 75 140330221409984 "GET /health/ HTTP/1.1" 200 13688
[2026-09-10 10:10:34,142] INFO basehttp 75 140330221409984 "GET /health/ HTTP/1.1" 200 13688
[2026-09-10 10:11:04,445] INFO basehttp 75 140330221409984 "GET /health/ HTTP/1.1" 200 13690
[2026-09-10 10:11:34,656] INFO basehttp 75 140330221409984 "GET /health/ HTTP/1.1" 200 13689
[2026-09-10 10:12:04,853] INFO basehttp 75 140330221409984 "GET /health/ HTTP/1.1" 200 13689
[2026-09-10 10:12:35,047] INFO basehttp 75 140330221409984 "GET /health/ HTTP/1.1" 200 13689
[2026-09-10 10:13:05,243] INFO basehttp 75 140330221409984 "GET /health/ HTTP/1.1" 200 13689
[2026-09-10 10:13:35,658] INFO basehttp 75 140330221409984 "GET /health/ HTTP/1.1" 200 13690
[2026-09-10 10:14:05,873] INFO basehttp 75 140330221409984 "GET /health/ HTTP/1.1" 200 13689
[2026-09-10 10:14:36,137] INFO basehttp 75 140330221409984 "GET /health/ HTTP/1.1" 200 13689
[2026-09-10 10:15:06,405] INFO basehttp 75 140330221409984 "GET /health/ HTTP/1.1" 200 13689
[2026-09-10 10:15:36,648] INFO basehttp 75 140330221409984 "GET /health/ HTTP/1.1" 200 13689
[2026-09-10 10:16:06,872] INFO basehttp 75 140330221409984 "GET /health/ HTTP/1.1" 200 13689
[2026-09-10 10:16:37,152] INFO basehttp 75 140330221409984 "GET /health/ HTTP/1.1" 200 13690
[2026-09-10 10:17:07,382] INFO basehttp 75 140330221409984 "GET /health/ HTTP/1.1" 200 13689
[2026-09-10 10:17:37,876] INFO basehttp 75 140330221409984 "GET /health/ HTTP/1.1" 200 13690
[2026-09-10 10:18:08,076] INFO basehttp 75 140330221409984 "GET /health/ HTTP/1.1" 200 13689
[2026-09-10 10:18:38,450] INFO basehttp 75 140330221409984 "GET /health/ HTTP/1.1" 200 13689
[2026-09-10 10:19:08,685] INFO basehttp 75 140330221409984 "GET /health/ HTTP/1.1" 200 13689
[2026-09-10 10:19:38,977] INFO basehttp 75 140330221409984 "GET /health/ HTTP/1.1" 200 13689
[2026-09-10 10:20:09,196] INFO basehttp 75 140330221409984 "GET /health/ HTTP/1.1" 200 13689
[2026-09-10 10:20:39,442] INFO basehttp 75 140330221409984 "GET /health/ HTTP/1.1" 200 13689
[2026-09-10 10:21:09,674] INFO basehttp 75 140330221409984 "GET /health/ HTTP/1.1" 200 13689
[2026-09-10 10:21:39,871] INFO basehttp 75 140330221409984 "GET /health/ HTTP/1.1" 200 13689
[2026-09-10 10:22:10,047] INFO basehttp 75 140330221409984 "GET /health/ HTTP/1.1" 200 13689
[2026-09-10 10:22:40,249] INFO basehttp 75 140330221409984 "GET /health/ HTTP/1.1" 200 13689
[2026-09-10 10:23:10,685] INFO basehttp 75 140330221409984 "GET /health/ HTTP/1.1" 200 13690
[2026-09-10 10:23:40,983] INFO basehttp 75 140330221409984 "GET /health/ HTTP/1.1" 200 13689
[2026-09-10 10:24:11,184] INFO basehttp 75 140330221409984 "GET /health/ HTTP/1.1" 200 13689
[2026-09-10 10:24:41,643] INFO basehttp 75 140330221409984 "GET /health/ HTTP/1.1" 200 13690
[2026-09-10 10:25:11,879] INFO basehttp 75 140330221409984 "GET /health/ HTTP/1.1" 200 13689
[2026-09-10 10:25:42,191] INFO basehttp 75 140330221409984 "GET /health/ HTTP/1.1" 200 13690
[2026-09-10 10:26:12,380] INFO basehttp 75 140330221409984 "GET /health/ HTTP/1.1" 200 13689
[2026-09-10 10:26:42,557] INFO basehttp 75 140330221409984 "GET /health/ HTTP/1.1" 200 13689
[2026-09-10 10:27:12,948] INFO basehttp 75 140330221409984 "GET /health/ HTTP/1.1" 200 13689
[2026-09-10 10:27:43,153] INFO basehttp 75 140330221409984 "GET /health/ HTTP/1.1" 200 13689
[2026-09-10 10:28:13,358] INFO basehttp 75 140330221409984 "GET /health/ HTTP/1.1" 200 13689
[2026-09-10 10:28:43,582] INFO basehttp 75 140330221409984 "GET /health/ HTTP/1.1" 200 13689
[2026-09-10 10:29:13,837] INFO basehttp 75 140330221409984 "GET /health/ HTTP/1.1" 200 13689
[2026-09-10 10:29:44,054] INFO basehttp 75 140330221409984 "GET /health/ HTTP/1.1" 200 13689
[2026-09-10 10:30:14,274] INFO basehttp 75 140330221409984 "GET /health/ HTTP/1.1" 200 13689
[2026-09-10 10:30:44,482] INFO basehttp 75 140330221409984 "GET /health/ HTTP/1.1" 200 13689
[2026-09-10 10:31:14,859] INFO basehttp 75 140330221409984 "GET /health/ HTTP/1.1" 200 13690
[2026-09-10 10:31:45,185] INFO basehttp 75 140330221409984 "GET /health/ HTTP/1.1" 200 13690
[2026-09-10 10:32:15,600] INFO basehttp 75 140330221409984 "GET /health/ HTTP/1.1" 200 13690
[2026-09-10 10:32:45,845] INFO basehttp 75 140330221409984 "GET /health/ HTTP/1.1" 200 13689
[2026-09-10 10:33:16,282] INFO basehttp 75 140330221409984 "GET /health/ HTTP/1.1" 200 13690
[2026-09-10 10:33:46,478] INFO basehttp 75 140330221409984 "GET /health/ HTTP/1.1" 200 13689
[2026-09-10 10:34:16,673] INFO basehttp 75 140330221409984 "GET /health/ HTTP/1.1" 200 13689
[2026-09-10 10:34:46,876] INFO basehttp 75 140330221409984 "GET /health/ HTTP/1.1" 200 13689
[2026-09-10 10:35:17,072] INFO basehttp 75 140330221409984 "GET /health/ HTTP/1.1" 200 13689
[2026-09-10 10:35:47,266] INFO basehttp 75 140330221409984 "GET /health/ HTTP/1.1" 200 13689
[2026-09-10 10:36:17,470] INFO basehttp 75 140330221409984 "GET /health/ HTTP/1.1" 200 13689
[2026-09-10 10:36:47,650] INFO basehttp 75 140330221409984 "GET /health/ HTTP/1.1" 200 13689
[2026-09-10 10:37:17,960] INFO basehttp 75 140330221409984 "GET /health/ HTTP/1.1" 200 13689
[2026-09-10 10:37:48,368] INFO basehttp 75 140330221409984 "GET /health/ HTTP/1.1" 200 13690
[2026-09-10 10:38:18,845] INFO basehttp 75 140330221409984 "GET /health/ HTTP/1.1" 200 13690
[2026-09-10 10:38:49,283] INFO basehttp 75 140330221409984 "GET /health/ HTTP/1.1" 200 13690
[2026-09-10 10:39:19,749] INFO basehttp 75 140330221409984 "GET /health/ HTTP/1.1" 200 13690
[2026-09-10 10:39:50,153] INFO basehttp 75 140330221409984 "GET /health/ HTTP/1.1" 200 13690
[2026-09-10 10:40:20,991] INFO basehttp 75 140330221409984 "GET /health/ HTTP/1.1" 200 13690
[2026-09-10 10:40:51,460] INFO basehttp 75 140330221409984 "GET /health/ HTTP/1.1" 200 13690
[2026-09-10 10:41:21,846] INFO basehttp 75 140330221409984 "GET /health/ HTTP/1.1" 200 13690
[2026-09-10 10:41:52,057] INFO basehttp 75 140330221409984 "GET /health/ HTTP/1.1" 200 13689
[2026-09-10 10:42:22,281] INFO basehttp 75 140330221409984 "GET /health/ HTTP/1.1" 200 13689
[2026-09-10 10:42:52,463] INFO basehttp 75 140330221409984 "GET /health/ HTTP/1.1" 200 13689
[2026-09-10 10:43:22,658] INFO basehttp 75 140330221409984 "GET /health/ HTTP/1.1" 200 13689
[2026-09-10 10:43:52,864] INFO basehttp 75 140330221409984 "GET /health/ HTTP/1.1" 200 13689
[2026-09-10 10:44:23,164] INFO basehttp 75 140330221409984 "GET /health/ HTTP/1.1" 200 13689
[2026-09-10 10:44:53,451] INFO basehttp 75 140330221409984 "GET /health/ HTTP/1.1" 200 13689
[2026-09-10 10:45:23,762] INFO basehttp 75 140330221409984 "GET /health/ HTTP/1.1" 200 13690
[2026-09-10 10:45:54,090] INFO basehttp 75 140330221409984 "GET /health/ HTTP/1.1" 200 13689
[2026-09-10 10:46:24,610] INFO basehttp 75 140330221409984 "GET /health/ HTTP/1.1" 200 13689
[2026-09-10 10:46:54,864] INFO basehttp 75 140330221409984 "GET /health/ HTTP/1.1" 200 13689
[2026-09-10 10:47:25,068] INFO basehttp 75 140330221409984 "GET /health/ HTTP/1.1" 200 13689
[2026-09-10 10:47:55,286] INFO basehttp 75 140330221409984 "GET /health/ HTTP/1.1" 200 13689
[2026-09-10 10:48:25,538] INFO basehttp 75 140330221409984 "GET /health/ HTTP/1.1" 200 13688
[2026-09-10 10:48:55,781] INFO basehttp 75 140330221409984 "GET /health/ HTTP/1.1" 200 13689
[2026-09-10 10:49:26,071] INFO basehttp 75 140330221409984 "GET /health/ HTTP/1.1" 200 13689
[2026-09-10 10:49:56,283] INFO basehttp 75 140330221409984 "GET /health/ HTTP/1.1" 200 13689
[2026-09-10 10:50:26,563] INFO basehttp 75 140330221409984 "GET /health/ HTTP/1.1" 200 13689
[2026-09-10 10:50:56,764] INFO basehttp 75 140330221409984 "GET /health/ HTTP/1.1" 200 13689
[2026-09-10 10:51:26,977] INFO basehttp 75 140330221409984 "GET /health/ HTTP/1.1" 200 13689
[2026-09-10 10:51:57,270] INFO basehttp 75 140330221409984 "GET /health/ HTTP/1.1" 200 13689
[2026-09-10 10:52:27,575] INFO basehttp 75 140330221409984 "GET /health/ HTTP/1.1" 200 13690
[2026-09-10 10:52:57,851] INFO basehttp 75 140330221409984 "GET /health/ HTTP/1.1" 200 13689
[2026-09-10 10:53:28,179] INFO basehttp 75 140330221409984 "GET /health/ HTTP/1.1" 200 13690
[2026-09-10 10:53:58,561] INFO basehttp 75 140330221409984 "GET /health/ HTTP/1.1" 200 13690
[2026-09-10 10:54:28,968] INFO basehttp 75 140330221409984 "GET /health/ HTTP/1.1" 200 13689
[2026-09-10 10:54:59,459] INFO basehttp 75 140330221409984 "GET /health/ HTTP/1.1" 200 13690
[2026-09-10 10:55:29,779] INFO basehttp 75 140330221409984 "GET /health/ HTTP/1.1" 200 13690
[2026-09-10 10:56:00,364] INFO basehttp 75 140330221409984 "GET /health/ HTTP/1.1" 200 13690
[2026-09-10 10:56:30,870] INFO basehttp 75 140330221409984 "GET /health/ HTTP/1.1" 200 13690
[2026-09-10 10:57:01,577] INFO basehttp 75 140330221409984 "GET /health/ HTTP/1.1" 200 13690
[2026-09-10 10:57:32,181] INFO basehttp 75 140330221409984 "GET /health/ HTTP/1.1" 200 13690
[2026-09-10 10:58:02,551] INFO basehttp 75 140330221409984 "GET /health/ HTTP/1.1" 200 13690
[2026-09-10 10:58:33,008] INFO basehttp 75 140330221409984 "GET /health/ HTTP/1.1" 200 13690
[2026-09-10 10:59:03,652] INFO basehttp 75 140330221409984 "GET /health/ HTTP/1.1" 200 13690
[2026-09-10 10:59:34,253] INFO basehttp 75 140330221409984 "GET /health/ HTTP/1.1" 200 13690
[2026-09-10 11:00:04,655] INFO basehttp 75 140330221409984 "GET /health/ HTTP/1.1" 200 13690
[2026-09-10 11:00:35,084] INFO basehttp 75 140330221409984 "GET /health/ HTTP/1.1" 200 13690
[2026-09-10 11:01:05,738] INFO basehttp 75 140330221409984 "GET /health/ HTTP/1.1" 200 13690
[2026-09-10 11:01:36,163] INFO basehttp 75 140330221409984 "GET /health/ HTTP/1.1" 200 13690
[2026-09-10 11:02:06,654] INFO basehttp 75 140330221409984 "GET /health/ HTTP/1.1" 200 13690
[2026-09-10 11:02:37,360] INFO basehttp 75 140330221409984 "GET /health/ HTTP/1.1" 200 13690
[2026-09-10 11:03:07,996] INFO basehttp 75 140330221409984 "GET /health/ HTTP/1.1" 200 13690
[2026-09-10 11:03:38,563] INFO basehttp 75 140330221409984 "GET /health/ HTTP/1.1" 200 13690
[2026-09-10 11:04:08,851] INFO basehttp 75 140330221409984 "GET /health/ HTTP/1.1" 200 13689
[2026-09-10 11:04:39,242] INFO basehttp 75 140330221409984 "GET /health/ HTTP/1.1" 200 13689
[2026-09-10 11:05:09,468] INFO basehttp 75 140330221409984 "GET /health/ HTTP/1.1" 200 13689
[2026-09-10 11:05:39,696] INFO basehttp 75 140330221409984 "GET /health/ HTTP/1.1" 200 13689
[2026-09-10 11:06:09,973] INFO basehttp 75 140330221409984 "GET /health/ HTTP/1.1" 200 13689
[2026-09-10 11:06:40,159] INFO basehttp 75 140330221409984 "GET /health/ HTTP/1.1" 200 13689
[2026-09-10 11:07:10,355] INFO basehttp 75 140330221409984 "GET /health/ HTTP/1.1" 200 13689
[2026-09-10 11:07:40,570] INFO basehttp 75 140330221409984 "GET /health/ HTTP/1.1" 200 13689
[2026-09-10 11:08:10,856] INFO basehttp 75 140330221409984 "GET /health/ HTTP/1.1" 200 13689
[2026-09-10 11:08:41,242] INFO basehttp 75 140330221409984 "GET /health/ HTTP/1.1" 200 13690
[2026-09-10 11:09:11,602] INFO basehttp 75 140330221409984 "GET /health/ HTTP/1.1" 200 13690
[2026-09-10 11:09:41,952] INFO basehttp 75 140330221409984 "GET /health/ HTTP/1.1" 200 13689
[2026-09-10 11:10:12,402] INFO basehttp 75 140330221409984 "GET /health/ HTTP/1.1" 200 13690
[2026-09-10 11:10:42,766] INFO basehttp 75 140330221409984 "GET /health/ HTTP/1.1" 200 13689
[2026-09-10 11:11:13,070] INFO basehttp 75 140330221409984 "GET /health/ HTTP/1.1" 200 13690
[2026-09-10 11:11:43,353] INFO basehttp 75 140330221409984 "GET /health/ HTTP/1.1" 200 13689
[2026-09-10 11:12:13,669] INFO basehttp 75 140330221409984 "GET /health/ HTTP/1.1" 200 13689
[2026-09-10 11:12:43,847] INFO basehttp 75 140330221409984 "GET /health/ HTTP/1.1" 200 13689
[2026-09-10 11:13:14,052] INFO basehttp 75 140330221409984 "GET /health/ HTTP/1.1" 200 13689
[2026-09-10 11:13:44,252] INFO basehttp 75 140330221409984 "GET /health/ HTTP/1.1" 200 13689
[2026-09-10 11:14:14,582] INFO basehttp 75 140330221409984 "GET /health/ HTTP/1.1" 200 13689
[2026-09-10 11:14:44,841] INFO basehttp 75 140330221409984 "GET /health/ HTTP/1.1" 200 13689
[2026-09-10 11:15:15,092] INFO basehttp 75 140330221409984 "GET /health/ HTTP/1.1" 200 13689
[2026-09-10 11:15:45,400] INFO basehttp 75 140330221409984 "GET /health/ HTTP/1.1" 200 13689
[2026-09-10 11:16:15,679] INFO basehttp 75 140330221409984 "GET /health/ HTTP/1.1" 200 13689
[2026-09-10 11:16:45,872] INFO basehttp 75 140330221409984 "GET /health/ HTTP/1.1" 200 13689
[2026-09-10 11:17:16,174] INFO basehttp 75 140330221409984 "GET /health/ HTTP/1.1" 200 13689
[2026-09-10 11:17:46,367] INFO basehttp 75 140330221409984 "GET /health/ HTTP/1.1" 200 13689
[2026-09-10 11:18:16,551] INFO basehttp 75 140330221409984 "GET /health/ HTTP/1.1" 200 13689
[2026-09-10 11:18:46,768] INFO basehttp 75 140330221409984 "GET /health/ HTTP/1.1" 200 13689
[2026-09-10 11:19:16,963] INFO basehttp 75 140330221409984 "GET /health/ HTTP/1.1" 200 13689
[2026-09-10 11:19:47,159] INFO basehttp 75 140330221409984 "GET /health/ HTTP/1.1" 200 13689
[2026-09-10 11:20:17,353] INFO basehttp 75 140330221409984 "GET /health/ HTTP/1.1" 200 13689
[2026-09-10 11:20:47,577] INFO basehttp 75 140330221409984 "GET /health/ HTTP/1.1" 200 13689
[2026-09-10 11:21:17,776] INFO basehttp 75 140330221409984 "GET /health/ HTTP/1.1" 200 13689
[2026-09-10 11:21:48,050] INFO basehttp 75 140330221409984 "GET /health/ HTTP/1.1" 200 13689
[2026-09-10 11:22:18,282] INFO basehttp 75 140330221409984 "GET /health/ HTTP/1.1" 200 13689
[2026-09-10 11:22:48,593] INFO basehttp 75 140330221409984 "GET /health/ HTTP/1.1" 200 13689
[2026-09-10 11:23:18,857] INFO basehttp 75 140330221409984 "GET /health/ HTTP/1.1" 200 13689
[2026-09-10 11:23:49,093] INFO basehttp 75 140330221409984 "GET /health/ HTTP/1.1" 200 13689
[2026-09-10 11:24:19,345] INFO basehttp 75 140330221409984 "GET /health/ HTTP/1.1" 200 13689
[2026-09-10 11:24:49,555] INFO basehttp 75 140330221409984 "GET /health/ HTTP/1.1" 200 13689
[2026-09-10 11:25:19,764] INFO basehttp 75 140330221409984 "GET /health/ HTTP/1.1" 200 13689
[2026-09-10 11:25:49,955] INFO basehttp 75 140330221409984 "GET /health/ HTTP/1.1" 200 13689
[2026-09-10 11:26:20,268] INFO basehttp 75 140330221409984 "GET /health/ HTTP/1.1" 200 13689
[2026-09-10 11:26:50,673] INFO basehttp 75 140330221409984 "GET /health/ HTTP/1.1" 200 13689
[2026-09-10 11:27:21,098] INFO basehttp 75 140330221409984 "GET /health/ HTTP/1.1" 200 13690
[2026-09-10 11:27:51,757] INFO basehttp 75 140330221409984 "GET /health/ HTTP/1.1" 200 13690
[2026-09-10 11:28:22,046] INFO basehttp 75 140330221409984 "GET /health/ HTTP/1.1" 200 13689
[2026-09-10 11:28:52,262] INFO basehttp 75 140330221409984 "GET /health/ HTTP/1.1" 200 13689
[2026-09-10 11:29:22,452] INFO basehttp 75 140330221409984 "GET /health/ HTTP/1.1" 200 13689
[2026-09-14 10:03:11,817] INFO autoreload 188 139832684196672 Watching for file changes with StatReloader
[2026-09-14 10:03:21,840] INFO basehttp 188 139832338106048 "GET /health/ HTTP/1.1" 200 13690
[2026-09-14 10:03:52,050] INFO basehttp 188 139832338106048 "GET /health/ HTTP/1.1" 200 13689
[2026-09-14 10:04:22,264] INFO basehttp 188 139832338106048 "GET /health/ HTTP/1.1" 200 13689
[2026-09-14 10:04:52,566] INFO basehttp 188 139832338106048 "GET /health/ HTTP/1.1" 200 13689
[2026-09-14 10:05:22,938] INFO basehttp 188 139832338106048 "GET /health/ HTTP/1.1" 200 13690
[2026-09-14 10:05:53,133] INFO basehttp 188 139832338106048 "GET /health/ HTTP/1.1" 200 13689
[2026-09-14 10:06:23,450] INFO basehttp 188 139832338106048 "GET /health/ HTTP/1.1" 200 13690
[2026-09-14 10:06:53,654] INFO basehttp 188 139832338106048 "GET /health/ HTTP/1.1" 200 13689
[2026-09-14 10:07:23,882] INFO basehttp 188 139832338106048 "GET /health/ HTTP/1.1" 200 13689
[2026-09-14 10:07:54,160] INFO basehttp 188 139832338106048 "GET /health/ HTTP/1.1" 200 13689
[2026-09-14 10:08:24,700] INFO basehttp 188 139832338106048 "GET /health/ HTTP/1.1" 200 13690
[2026-09-14 10:08:55,082] INFO basehttp 188 139832338106048 "GET /health/ HTTP/1.1" 200 13689
[2026-09-14 10:09:25,325] INFO basehttp 188 139832338106048 "GET /health/ HTTP/1.1" 200 13689
[2026-09-14 10:09:55,538] INFO basehttp 188 139832338106048 "GET /health/ HTTP/1.1" 200 13689
[2026-09-14 10:10:25,765] INFO basehttp 188 139832338106048 "GET /health/ HTTP/1.1" 200 13689
[2026-09-14 10:10:56,245] INFO basehttp 188 139832338106048 "GET /health/ HTTP/1.1" 200 13690
[2026-09-14 10:11:26,428] INFO basehttp 188 139832338106048 "GET /health/ HTTP/1.1" 200 13689
[2026-09-14 10:11:56,663] INFO basehttp 188 139832338106048 "GET /health/ HTTP/1.1" 200 13689
[2026-09-14 10:12:26,868] INFO basehttp 188 139832338106048 "GET /health/ HTTP/1.1" 200 13689
[2026-09-14 10:12:57,238] ERROR log 188 139832338106048 Internal Server Error: /health/
[2026-09-14 10:12:57,239] ERROR basehttp 188 139832338106048 "GET /health/ HTTP/1.1" 500 13725
[2026-09-14 10:12:57,239] INFO basehttp 188 139832338106048 - Broken pipe from ('127.0.0.1', 42866)
[2026-09-14 10:13:27,550] ERROR log 188 139832338106048 Internal Server Error: /health/
[2026-09-14 10:13:27,551] ERROR basehttp 188 139832338106048 "GET /health/ HTTP/1.1" 500 13726
[2026-09-14 10:13:27,552] INFO basehttp 188 139832338106048 - Broken pipe from ('127.0.0.1', 46150)
[2026-09-14 10:13:57,872] ERROR log 188 139832338106048 Internal Server Error: /health/
[2026-09-14 10:13:57,873] ERROR basehttp 188 139832338106048 "GET /health/ HTTP/1.1" 500 13725
[2026-09-14 10:14:28,149] ERROR log 188 139832338106048 Internal Server Error: /health/
[2026-09-14 10:14:28,150] ERROR basehttp 188 139832338106048 "GET /health/ HTTP/1.1" 500 13725
[2026-09-14 10:14:28,151] INFO basehttp 188 139832338106048 - Broken pipe from ('127.0.0.1', 57622)
[2026-09-14 10:14:58,570] ERROR log 188 139832338106048 Internal Server Error: /health/
[2026-09-14 10:14:58,571] ERROR basehttp 188 139832338106048 "GET /health/ HTTP/1.1" 500 13725
[2026-09-14 10:14:58,575] INFO basehttp 188 139832338106048 - Broken pipe from ('127.0.0.1', 59852)
[2026-09-14 10:15:28,942] ERROR log 188 139832338106048 Internal Server Error: /health/
[2026-09-14 10:15:28,942] ERROR basehttp 188 139832338106048 "GET /health/ HTTP/1.1" 500 13726
[2026-09-14 10:15:28,943] INFO basehttp 188 139832338106048 - Broken pipe from ('127.0.0.1', 54610)
[2026-09-14 10:15:59,174] ERROR log 188 139832338106048 Internal Server Error: /health/
[2026-09-14 10:15:59,175] ERROR basehttp 188 139832338106048 "GET /health/ HTTP/1.1" 500 13725
[2026-09-14 10:16:29,432] ERROR log 188 139832338106048 Internal Server Error: /health/
[2026-09-14 10:16:29,433] ERROR basehttp 188 139832338106048 "GET /health/ HTTP/1.1" 500 13725
[2026-09-14 10:16:59,647] INFO basehttp 188 139832338106048 "GET /health/ HTTP/1.1" 200 13689
[2026-09-14 10:17:29,857] INFO basehttp 188 139832338106048 "GET /health/ HTTP/1.1" 200 13689
[2026-09-14 10:18:00,147] INFO basehttp 188 139832338106048 "GET /health/ HTTP/1.1" 200 13690
[2026-09-14 10:18:30,454] INFO basehttp 188 139832338106048 "GET /health/ HTTP/1.1" 200 13690
[2026-09-14 21:42:16,567] INFO autoreload 99 132385026552640 Watching for file changes with StatReloader
[2026-09-14 21:42:21,050] INFO basehttp 99 132384109360832 "GET /health/ HTTP/1.1" 200 13689
[2026-09-14 21:42:51,213] INFO basehttp 99 132384109360832 "GET /health/ HTTP/1.1" 200 13689
[2026-09-14 21:43:21,399] INFO basehttp 99 132384109360832 "GET /health/ HTTP/1.1" 200 13689
[2026-09-14 21:43:51,625] INFO basehttp 99 132384109360832 "GET /health/ HTTP/1.1" 200 13689
[2026-09-14 21:44:21,833] INFO basehttp 99 132384109360832 "GET /health/ HTTP/1.1" 200 13689
[2026-09-14 21:44:51,993] INFO basehttp 99 132384109360832 "GET /health/ HTTP/1.1" 200 13689
[2026-09-14 21:45:22,171] INFO basehttp 99 132384109360832 "GET /health/ HTTP/1.1" 200 13689
[2026-09-14 21:45:52,334] INFO basehttp 99 132384109360832 "GET /health/ HTTP/1.1" 200 13689
[2026-09-14 21:46:22,504] INFO basehttp 99 132384109360832 "GET /health/ HTTP/1.1" 200 13689
[2026-09-14 21:46:52,707] INFO basehttp 99 132384109360832 "GET /health/ HTTP/1.1" 200 13689
[2026-09-14 21:47:22,898] INFO basehttp 99 132384109360832 "GET /health/ HTTP/1.1" 200 13689
[2026-09-14 21:47:23,737] WARNING log 99 132384109360832 Not Found: /docs/schema
[2026-09-14 21:47:23,738] WARNING basehttp 99 132384109360832 "GET /docs/schema HTTP/1.1" 404 4040
[2026-09-14 21:47:23,818] WARNING log 99 132384109360832 Not Found: /favicon.ico
[2026-09-14 21:47:23,820] WARNING basehttp 99 132384109360832 "GET /favicon.ico HTTP/1.1" 404 4040
[2026-09-14 21:47:31,269] WARNING log 99 132384109360832 Not Found: /docs/schema/
[2026-09-14 21:47:31,270] WARNING basehttp 99 132384109360832 "GET /docs/schema/ HTTP/1.1" 404 4043
[2026-09-14 21:47:53,059] INFO basehttp 99 132384066348736 "GET /health/ HTTP/1.1" 200 13689
[2026-09-14 21:48:03,858] WARNING log 99 132384109360832 Not Found: /secrets/
[2026-09-14 21:48:03,860] WARNING basehttp 99 132384109360832 "GET /secrets/ HTTP/1.1" 404 4031
[2026-09-14 21:48:16,033] WARNING log 99 132384109360832 Not Found: /api/v1/secrets/
[2026-09-14 21:48:16,035] WARNING basehttp 99 132384109360832 "GET /api/v1/secrets/ HTTP/1.1" 404 6340
[2026-09-14 21:48:23,213] INFO basehttp 99 132384066348736 "GET /health/ HTTP/1.1" 200 13689
[2026-09-14 21:48:53,367] INFO basehttp 99 132384066348736 "GET /health/ HTTP/1.1" 200 13689
[2026-09-14 21:49:05,757] WARNING log 99 132384109360832 Not Found: /api/schema/swagger-ui/
[2026-09-14 21:49:05,758] WARNING basehttp 99 132384109360832 "GET /api/schema/swagger-ui/ HTTP/1.1" 404 4341
[2026-09-14 21:49:12,393] WARNING log 99 132384109360832 Not Found: /api/schema/redoc/
[2026-09-14 21:49:12,394] WARNING basehttp 99 132384109360832 "GET /api/schema/redoc/ HTTP/1.1" 404 4326
[2026-09-14 21:49:15,942] WARNING log 99 132384109360832 Not Found: /api/
[2026-09-14 21:49:15,944] WARNING basehttp 99 132384109360832 "GET /api/ HTTP/1.1" 404 4287
[2026-09-14 21:49:18,602] WARNING log 99 132384109360832 Not Found: /docs/
[2026-09-14 21:49:18,603] WARNING basehttp 99 132384109360832 "GET /docs/ HTTP/1.1" 404 4022
[2026-09-14 21:49:23,513] INFO basehttp 99 132384066348736 "GET /health/ HTTP/1.1" 200 13689
[2026-09-14 21:49:34,838] INFO basehttp 99 132384109360832 "GET /api/docs/swagger/ HTTP/1.1" 200 4648
[2026-09-14 21:49:35,204] INFO basehttp 99 132384109360832 "GET /api/schema/ HTTP/1.1" 200 180001
[2026-09-14 21:49:53,670] INFO basehttp 99 132384066348736 "GET /health/ HTTP/1.1" 200 13689
[2026-09-14 21:50:23,933] INFO basehttp 99 132384066348736 "GET /health/ HTTP/1.1" 200 13689
[2026-09-14 21:50:54,088] INFO basehttp 99 132384066348736 "GET /health/ HTTP/1.1" 200 13689
[2026-09-14 21:51:24,238] INFO basehttp 99 132384066348736 "GET /health/ HTTP/1.1" 200 13689
[2026-09-14 21:51:54,390] INFO basehttp 99 132384066348736 "GET /health/ HTTP/1.1" 200 13689
[2026-09-14 21:52:24,543] INFO basehttp 99 132384066348736 "GET /health/ HTTP/1.1" 200 13689
[2026-09-14 21:52:54,699] INFO basehttp 99 132384066348736 "GET /health/ HTTP/1.1" 200 13689
[2026-09-14 21:53:24,852] INFO basehttp 99 132384066348736 "GET /health/ HTTP/1.1" 200 13689
[2026-09-14 21:53:55,019] INFO basehttp 99 132384066348736 "GET /health/ HTTP/1.1" 200 13689
[2026-09-14 21:54:25,163] INFO basehttp 99 132384066348736 "GET /health/ HTTP/1.1" 200 13689
[2026-09-14 21:54:55,360] INFO basehttp 99 132384109360832 "GET /health/ HTTP/1.1" 200 13689
[2026-09-14 21:55:25,558] INFO basehttp 99 132384109360832 "GET /health/ HTTP/1.1" 200 13689
[2026-09-14 21:55:55,721] INFO basehttp 99 132384109360832 "GET /health/ HTTP/1.1" 200 13689
[2026-09-14 21:56:25,883] INFO basehttp 99 132384109360832 "GET /health/ HTTP/1.1" 200 13689
[2026-09-14 21:56:56,068] INFO basehttp 99 132384109360832 "GET /health/ HTTP/1.1" 200 13689
[2026-09-14 21:57:26,224] INFO basehttp 99 132384109360832 "GET /health/ HTTP/1.1" 200 13689
[2026-09-14 21:57:56,382] INFO basehttp 99 132384109360832 "GET /health/ HTTP/1.1" 200 13689
[2026-09-14 21:58:26,541] INFO basehttp 99 132384109360832 "GET /health/ HTTP/1.1" 200 13689
[2026-09-14 21:58:56,692] INFO basehttp 99 132384109360832 "GET /health/ HTTP/1.1" 200 13689
[2026-09-14 21:59:26,855] INFO basehttp 99 132384109360832 "GET /health/ HTTP/1.1" 200 13689
[2026-09-14 21:59:57,034] INFO basehttp 99 132384109360832 "GET /health/ HTTP/1.1" 200 13689
[2026-09-14 22:00:27,192] INFO basehttp 99 132384109360832 "GET /health/ HTTP/1.1" 200 13689
[2026-09-14 22:00:57,341] INFO basehttp 99 132384109360832 "GET /health/ HTTP/1.1" 200 13689
[2026-09-14 22:01:27,498] INFO basehttp 99 132384109360832 "GET /health/ HTTP/1.1" 200 13689
[2026-09-14 22:01:57,652] INFO basehttp 99 132384109360832 "GET /health/ HTTP/1.1" 200 13689
[2026-09-14 22:02:27,817] INFO basehttp 99 132384109360832 "GET /health/ HTTP/1.1" 200 13689
